Component: ARM Compiler 5.06 update 7 (build 960) Tool: armlink [4d3601]

==============================================================================

Section Cross References

    main.o(i.add_scan_rsp_list) refers to strcpy.o(.text) for strcpy
    main.o(i.add_scan_rsp_list) refers to memcmp.o(.text) for memcmp
    main.o(i.add_scan_rsp_list) refers to main.o(.data) for .data
    main.o(i.add_scan_rsp_list) refers to main.o(.bss) for .bss
    main.o(i.assert_nrf_callback) refers to app_error.o(i.app_error_handler) for app_error_handler
    main.o(i.ble_evt_handler) refers to printf8.o(i.__0printf$8) for __2printf
    main.o(i.ble_evt_handler) refers to bsp.o(i.bsp_indication_set) for bsp_indication_set
    main.o(i.ble_evt_handler) refers to app_error.o(i.app_error_handler_bare) for app_error_handler_bare
    main.o(i.ble_evt_handler) refers to main.o(i.add_scan_rsp_list) for add_scan_rsp_list
    main.o(i.ble_evt_handler) refers to nrf_log_frontend.o(i.nrf_log_frontend_std_0) for nrf_log_frontend_std_0
    main.o(i.ble_evt_handler) refers to memcpya.o(.text) for __aeabi_memcpy
    main.o(i.ble_evt_handler) refers to main.o(.data) for .data
    main.o(i.ble_evt_handler) refers to nrf_log_frontend.o(log_dynamic_data) for m_nrf_log_app_logs_data_dynamic
    main.o(i.ble_evt_handler) refers to main.o(.constdata) for .constdata
    main.o(i.bsp_event_handler) refers to bsp.o(i.bsp_indication_set) for bsp_indication_set
    main.o(i.bsp_event_handler) refers to app_error.o(i.app_error_handler_bare) for app_error_handler_bare
    main.o(i.bsp_event_handler) refers to bsp_btn_ble.o(i.bsp_btn_ble_sleep_mode_prepare) for bsp_btn_ble_sleep_mode_prepare
    main.o(i.bsp_event_handler) refers to ble_advertising.o(i.ble_advertising_restart_without_whitelist) for ble_advertising_restart_without_whitelist
    main.o(i.bsp_event_handler) refers to main.o(.data) for .data
    main.o(i.bsp_event_handler) refers to main.o(.bss) for .bss
    main.o(i.conn_params_error_handler) refers to app_error.o(i.app_error_handler_bare) for app_error_handler_bare
    main.o(i.gatt_evt_handler) refers to nrf_log_frontend.o(i.nrf_log_frontend_std_2) for nrf_log_frontend_std_2
    main.o(i.gatt_evt_handler) refers to main.o(.data) for .data
    main.o(i.gatt_evt_handler) refers to nrf_log_frontend.o(log_dynamic_data) for m_nrf_log_app_logs_data_dynamic
    main.o(i.gatt_init) refers to nrf_ble_gatt.o(i.nrf_ble_gatt_init) for nrf_ble_gatt_init
    main.o(i.gatt_init) refers to app_error.o(i.app_error_handler_bare) for app_error_handler_bare
    main.o(i.gatt_init) refers to nrf_ble_gatt.o(i.nrf_ble_gatt_att_mtu_periph_set) for nrf_ble_gatt_att_mtu_periph_set
    main.o(i.gatt_init) refers to main.o(i.gatt_evt_handler) for gatt_evt_handler
    main.o(i.gatt_init) refers to main.o(.bss) for .bss
    main.o(i.main) refers to main.o(i.nRF_hardware_init) for nRF_hardware_init
    main.o(i.main) refers to main.o(i.nRF_BLE_init) for nRF_BLE_init
    main.o(i.main) refers to main.o(i.nRF_lora_init) for nRF_lora_init
    main.o(i.main) refers to ble_advertising.o(i.ble_advertising_start) for ble_advertising_start
    main.o(i.main) refers to app_error.o(i.app_error_handler_bare) for app_error_handler_bare
    main.o(i.main) refers to printf8.o(i.__0printf$8) for __2printf
    main.o(i.main) refers to app_lora.o(i.lora_process) for lora_process
    main.o(i.main) refers to nrf_log_frontend.o(i.nrf_log_frontend_dequeue) for nrf_log_frontend_dequeue
    main.o(i.main) refers to main.o(i.power_manage) for power_manage
    main.o(i.main) refers to app_lora.o(i.u_fs_write_lora_cfg) for u_fs_write_lora_cfg
    main.o(i.main) refers to main.o(.bss) for .bss
    main.o(i.main) refers to main.o(.data) for .data
    main.o(i.nRF_BLE_init) refers to nrf_sdh.o(i.nrf_sdh_enable_request) for nrf_sdh_enable_request
    main.o(i.nRF_BLE_init) refers to app_error.o(i.app_error_handler_bare) for app_error_handler_bare
    main.o(i.nRF_BLE_init) refers to nrf_sdh_ble.o(i.nrf_sdh_ble_default_cfg_set) for nrf_sdh_ble_default_cfg_set
    main.o(i.nRF_BLE_init) refers to nrf_sdh_ble.o(i.nrf_sdh_ble_enable) for nrf_sdh_ble_enable
    main.o(i.nRF_BLE_init) refers to main.o(i.gatt_init) for gatt_init
    main.o(i.nRF_BLE_init) refers to ble_nus.o(i.ble_nus_init) for ble_nus_init
    main.o(i.nRF_BLE_init) refers to memseta.o(.text) for __aeabi_memclr4
    main.o(i.nRF_BLE_init) refers to ble_advertising.o(i.ble_advertising_init) for ble_advertising_init
    main.o(i.nRF_BLE_init) refers to ble_advertising.o(i.ble_advertising_conn_cfg_tag_set) for ble_advertising_conn_cfg_tag_set
    main.o(i.nRF_BLE_init) refers to ble_conn_params.o(i.ble_conn_params_init) for ble_conn_params_init
    main.o(i.nRF_BLE_init) refers to printf8.o(i.__0printf$8) for __2printf
    main.o(i.nRF_BLE_init) refers to main.o(i.nus_data_handler) for nus_data_handler
    main.o(i.nRF_BLE_init) refers to main.o(.bss) for .bss
    main.o(i.nRF_BLE_init) refers to main.o(.data) for .data
[...]
    0x0002511c   0x0002511c   0x0000019c   Code   RO         1430    i.McpsIndication    app_lora.o
    0x000252b8   0x000252b8   0x00000060   Code   RO         1431    i.MlmeConfirm       app_lora.o
    0x00025318   0x00025318   0x00000038   Code   RO         2355    i.OnAckTimeoutTimerEvent  loramac.o
    0x00025350   0x00025350   0x0000022c   Code   RO         2356    i.OnMacStateCheckTimerEvent  loramac.o
    0x0002557c   0x0002557c   0x00000510   Code   RO         2357    i.OnRadioRxDone     loramac.o
    0x00025a8c   0x00025a8c   0x0000005c   Code   RO         2358    i.OnRadioRxError    loramac.o
    0x00025ae8   0x00025ae8   0x00000080   Code   RO         2359    i.OnRadioRxTimeout  loramac.o
    0x00025b68   0x00025b68   0x00000114   Code   RO         2360    i.OnRadioTxDone     loramac.o
    0x00025c7c   0x00025c7c   0x0000003c   Code   RO         2361    i.OnRadioTxTimeout  loramac.o
    0x00025cb8   0x00025cb8   0x00000098   Code   RO         2362    i.OnRxWindow1TimerEvent  loramac.o
    0x00025d50   0x00025d50   0x00000094   Code   RO         2363    i.OnRxWindow2TimerEvent  loramac.o
    0x00025de4   0x00025de4   0x0000006c   Code   RO         2364    i.OnTxDelayedTimerEvent  loramac.o
    0x00025e50   0x00025e50   0x00000038   Code   RO         1432    i.OnTxNextPacketTimerEvent  app_lora.o
    0x00025e88   0x00025e88   0x00000058   Code   RO         7197    i.POWER_CLOCK_IRQHandler  nrf_drv_clock.o
    0x00025ee0   0x00025ee0   0x0000004e   Code   RO         2365    i.ParseMacCommandsToRepeat  loramac.o
    0x00025f2e   0x00025f2e   0x00000002   PAD
    0x00025f30   0x00025f30   0x000002a0   Code   RO         2366    i.PrepareFrame      loramac.o
    0x000261d0   0x000261d0   0x0000003c   Code   RO         2367    i.PrepareRxDoneAbort  loramac.o
    0x0002620c   0x0002620c   0x00000068   Code   RO         1433    i.PrepareTxFrame    app_lora.o
    0x00026274   0x00026274   0x000002f8   Code   RO         2368    i.ProcessMacCommands  loramac.o
    0x0002656c   0x0002656c   0x00000024   Code   RO         9673    i.RTC1_IRQHandler   app_timer.o
    0x00026590   0x00026590   0x00000010   Code   RO         7647    i.RTC2_IRQHandler   nrf_drv_rtc.o
    0x000265a0   0x000265a0   0x00000088   Code   RO         2990    i.RegionAU915AdrNext  regionau915.o
    0x00026628   0x00026628   0x00000018   Code   RO         2991    i.RegionAU915AlternateDr  regionau915.o
    0x00026640   0x00026640   0x00000002   Code   RO         2992    i.RegionAU915ApplyCFList  regionau915.o
    0x00026642   0x00026642   0x00000002   PAD
    0x00026644   0x00026644   0x0000001c   Code   RO         2993    i.RegionAU915ApplyDrOffset  regionau915.o
    0x00026660   0x00026660   0x00000040   Code   RO         2994    i.RegionAU915CalcBackOff  regionau915.o
    0x000266a0   0x000266a0   0x00000060   Code   RO         2995    i.RegionAU915ChanMaskSet  regionau915.o
    0x00026700   0x00026700   0x00000044   Code   RO         2998    i.RegionAU915ComputeRxWindowParameters  regionau915.o
    0x00026744   0x00026744   0x00000004   Code   RO         2999    i.RegionAU915DlChannelReq  regionau915.o
    0x00026748   0x00026748   0x000000d0   Code   RO         3000    i.RegionAU915GetPhyParam  regionau915.o
    0x00026818   0x00026818   0x000000d0   Code   RO         3001    i.RegionAU915InitDefaults  regionau915.o
    0x000268e8   0x000268e8   0x00000188   Code   RO         3002    i.RegionAU915LinkAdrReq  regionau915.o
    0x00026a70   0x00026a70   0x00000004   Code   RO         3003    i.RegionAU915NewChannelReq  regionau915.o
    0x00026a74   0x00026a74   0x000000d4   Code   RO         3004    i.RegionAU915NextChannel  regionau915.o
    0x00026b48   0x00026b48   0x000000a8   Code   RO         3005    i.RegionAU915RxConfig  regionau915.o
    0x00026bf0   0x00026bf0   0x0000007c   Code   RO         3006    i.RegionAU915RxParamSetupReq  regionau915.o
    0x00026c6c   0x00026c6c   0x00000024   Code   RO         3007    i.RegionAU915SetBandTxDone  regionau915.o
    0x00026c90   0x00026c90   0x00000054   Code   RO         3008    i.RegionAU915SetContinuousWave  regionau915.o
    0x00026ce4   0x00026ce4   0x000000b4   Code   RO         3009    i.RegionAU915TxConfig  regionau915.o
    0x00026d98   0x00026d98   0x00000006   Code   RO         3010    i.RegionAU915TxParamSetupReq  regionau915.o
    0x00026d9e   0x00026d9e   0x00000054   Code   RO         3011    i.RegionAU915Verify  regionau915.o
    0x00026df2   0x00026df2   0x00000020   Code   RO         2640    i.RegionAdrNext     region.o
    0x00026e12   0x00026e12   0x0000000e   Code   RO         2641    i.RegionAlternateDr  region.o
    0x00026e20   0x00026e20   0x0000000c   Code   RO         2642    i.RegionApplyCFList  region.o
    0x00026e2c   0x00026e2c   0x0000001c   Code   RO         2643    i.RegionApplyDrOffset  region.o
    0x00026e48   0x00026e48   0x0000000c   Code   RO         2644    i.RegionCalcBackOff  region.o
    0x00026e54   0x00026e54   0x0000000e   Code   RO         2645    i.RegionChanMaskSet  region.o
    0x00026e62   0x00026e62   0x00000060   Code   RO         3155    i.RegionCommonCalcBackOff  regioncommon.o
    0x00026ec2   0x00026ec2   0x00000028   Code   RO         3156    i.RegionCommonChanDisable  regioncommon.o
    0x00026eea   0x00026eea   0x00000002   PAD
    0x00026eec   0x00026eec   0x00000022   Code   RO         3157    i.RegionCommonChanMaskCopy  regioncommon.o
    0x00026f0e   0x00026f0e   0x00000068   Code   RO         3158    i.RegionCommonChanVerifyDr  regioncommon.o
    0x00026f76   0x00026f76   0x00000002   PAD
    0x00026f78   0x00026f78   0x00000118   Code   RO         3159    i.RegionCommonComputeRxWindowParameters  regioncommon.o
    0x00027090   0x00027090   0x00000040   Code   RO         3161    i.RegionCommonComputeSymbolTimeLoRa  regioncommon.o
    0x000270d0   0x000270d0   0x00000030   Code   RO         3162    i.RegionCommonComputeTxPower  regioncommon.o
    0x00027100   0x00027100   0x00000044   Code   RO         3163    i.RegionCommonCountChannels  regioncommon.o
    0x00027144   0x00027144   0x00000024   Code   RO         3164    i.RegionCommonGetJoinDc  regioncommon.o
    0x00027168   0x00027168   0x00000092   Code   RO         3165    i.RegionCommonLinkAdrReqVerifyParams  regioncommon.o
    0x000271fa   0x000271fa   0x00000036   Code   RO         3166    i.RegionCommonParseLinkAdrReq  regioncommon.o
    0x00027230   0x00027230   0x0000000a   Code   RO         3167    i.RegionCommonSetBandTxDone  regioncommon.o
    0x0002723a   0x0002723a   0x000000ba   Code   RO         3168    i.RegionCommonUpdateBandTimeOff  regioncommon.o
    0x000272f4   0x000272f4   0x00000010   Code   RO         3169    i.RegionCommonValueInRange  regioncommon.o
    0x00027304   0x00027304   0x0000001e   Code   RO         2648    i.RegionComputeRxWindowParameters  region.o
    0x00027322   0x00027322   0x0000000e   Code   RO         2649    i.RegionDlChannelReq  region.o
    0x00027330   0x00027330   0x00000010   Code   RO         2650    i.RegionGetPhyParam  region.o
    0x00027340   0x00027340   0x0000000c   Code   RO         2651    i.RegionInitDefaults  region.o
    0x0002734c   0x0002734c   0x00000008   Code   RO         2652    i.RegionIsActive    region.o
    0x00027354   0x00027354   0x00000022   Code   RO         2653    i.RegionLinkAdrReq  region.o
    0x00027376   0x00027376   0x0000000e   Code   RO         2654    i.RegionNewChannelReq  region.o
    0x00027384   0x00027384   0x00000020   Code   RO         2655    i.RegionNextChannel  region.o
    0x000273a4   0x000273a4   0x00000012   Code   RO         2656    i.RegionRxConfig    region.o
    0x000273b6   0x000273b6   0x0000000e   Code   RO         2657    i.RegionRxParamSetupReq  region.o
    0x000273c4   0x000273c4   0x0000000c   Code   RO         2658    i.RegionSetBandTxDone  region.o
    0x000273d0   0x000273d0   0x0000000c   Code   RO         2659    i.RegionSetContinuousWave  region.o
    0x000273dc   0x000273dc   0x0000001c   Code   RO         2660    i.RegionTxConfig    region.o
    0x000273f8   0x000273f8   0x0000000e   Code   RO         2661    i.RegionTxParamSetupReq  region.o
    0x00027406   0x00027406   0x00000012   Code   RO         2662    i.RegionVerify      region.o
    0x00027418   0x00027418   0x00000084   Code   RO         2369    i.ResetMacParameters  loramac.o
    0x0002749c   0x0002749c   0x0000004c   Code   RO         1039    i.RtcInit           rtc-board.o
    0x000274e8   0x000274e8   0x0000009c   Code   RO         4652    i.RxChainCalibration  sx1276.o
    0x00027584   0x00027584   0x00000018   Code   RO         2370    i.RxWindowSetup     loramac.o
    0x0002759c   0x0002759c   0x00000004   Code   RO        10252    i.SEGGER_RTT_Init   segger_rtt.o
    0x000275a0   0x000275a0   0x0000005c   Code   RO        10266    i.SEGGER_RTT_WriteNoLock  segger_rtt.o
    0x000275fc   0x000275fc   0x0000004c   Code   RO         7762    i.SPIM0_SPIS0_TWIM0_TWIS0_SPI0_TWI0_IRQHandler  nrf_drv_spi.o
    0x00027648   0x00027648   0x00000010   Code   RO         7876    i.SPIM1_SPIS1_TWIM1_TWIS1_SPI1_TWI1_IRQHandler  nrf_drv_twi.o
    0x00027658   0x00027658   0x00000004   Code   RO         9674    i.SWI0_EGU0_IRQHandler  app_timer.o
    0x0002765c   0x0002765c   0x00000004   Code   RO        10538    i.SWI2_EGU2_IRQHandler  nrf_sdh.o
    0x00027660   0x00027660   0x00000018   Code   RO         1150    i.SX1276AntSwDeInit  sx1276-board.o
    0x00027678   0x00027678   0x00000030   Code   RO         1151    i.SX1276AntSwInit   sx1276-board.o
    0x000276a8   0x000276a8   0x00000004   Code   RO         1152    i.SX1276CheckRfFrequency  sx1276-board.o
    0x000276ac   0x000276ac   0x0000000c   Code   RO         4653    i.SX1276GetStatus   sx1276.o
    0x000276b8   0x000276b8   0x00000274   Code   RO         4654    i.SX1276GetTimeOnAir  sx1276.o
    0x0002792c   0x0002792c   0x0000007c   Code   RO         4655    i.SX1276Init        sx1276.o
    0x000279a8   0x000279a8   0x00000088   Code   RO         1155    i.SX1276IoInit      sx1276-board.o
    0x00027a30   0x00027a30   0x00000044   Code   RO         1156    i.SX1276IoIrqInit   sx1276-board.o
    0x00027a74   0x00027a74   0x0000004e   Code   RO         4656    i.SX1276IsChannelFree  sx1276.o
    0x00027ac2   0x00027ac2   0x00000002   PAD
    0x00027ac4   0x00027ac4   0x00000260   Code   RO         4657    i.SX1276OnDio0Irq   sx1276.o
    0x00027d24   0x00027d24   0x000000dc   Code   RO         4658    i.SX1276OnDio1Irq   sx1276.o
    0x00027e00   0x00027e00   0x000000d0   Code   RO         4659    i.SX1276OnDio2Irq   sx1276.o
    0x00027ed0   0x00027ed0   0x0000005c   Code   RO         4660    i.SX1276OnDio3Irq   sx1276.o
    0x00027f2c   0x00027f2c   0x00000020   Code   RO         4661    i.SX1276OnDio4Irq   sx1276.o
    0x00027f4c   0x00027f4c   0x000000e4   Code   RO         4663    i.SX1276OnTimeoutIrq  sx1276.o
    0x00028030   0x00028030   0x0000003e   Code   RO         4664    i.SX1276Random      sx1276.o
    0x0002806e   0x0002806e   0x00000002   PAD
    0x00028070   0x00028070   0x00000018   Code   RO         4665    i.SX1276Read        sx1276.o
    0x00028088   0x00028088   0x00000010   Code   RO         4666    i.SX1276ReadBuffer  sx1276.o
    0x00028098   0x00028098   0x00000010   Code   RO         4667    i.SX1276ReadFifo    sx1276.o
    0x000280a8   0x000280a8   0x00000040   Code   RO         4668    i.SX1276ReadRssi    sx1276.o
    0x000280e8   0x000280e8   0x0000003c   Code   RO         4669    i.SX1276Reset       sx1276.o
    0x00028124   0x00028124   0x000000f8   Code   RO         4670    i.SX1276Send        sx1276.o
    0x0002821c   0x0002821c   0x00000014   Code   RO         1157    i.SX1276SetAntSw    sx1276-board.o
    0x00028230   0x00028230   0x0000001c   Code   RO         1158    i.SX1276SetAntSwLowPower  sx1276-board.o
    0x0002824c   0x0002824c   0x00000048   Code   RO         4671    i.SX1276SetChannel  sx1276.o
    0x00028294   0x00028294   0x00000034   Code   RO         4672    i.SX1276SetMaxPayloadLength  sx1276.o
    0x000282c8   0x000282c8   0x00000078   Code   RO         4673    i.SX1276SetModem    sx1276.o
    0x00028340   0x00028340   0x00000030   Code   RO         4674    i.SX1276SetOpMode   sx1276.o
    0x00028370   0x00028370   0x00000028   Code   RO         4675    i.SX1276SetPublicNetwork  sx1276.o
    0x00028398   0x00028398   0x0000008e   Code   RO         1159    i.SX1276SetRfTxPower  sx1276-board.o
    0x00028426   0x00028426   0x00000002   PAD
    0x00028428   0x00028428   0x000001fc   Code   RO         4676    i.SX1276SetRx       sx1276.o
    0x00028624   0x00028624   0x000002d4   Code   RO         4677    i.SX1276SetRxConfig  sx1276.o
    0x000288f8   0x000288f8   0x00000028   Code   RO         4678    i.SX1276SetSleep    sx1276.o
    0x00028920   0x00028920   0x00000028   Code   RO         4679    i.SX1276SetStby     sx1276.o
    0x00028948   0x00028948   0x000000a0   Code   RO         4680    i.SX1276SetTx       sx1276.o
    0x000289e8   0x000289e8   0x0000021c   Code   RO         4681    i.SX1276SetTxConfig  sx1276.o
    0x00028c04   0x00028c04   0x00000080   Code   RO         4682    i.SX1276SetTxContinuousWave  sx1276.o
    0x00028c84   0x00028c84   0x00000040   Code   RO         4683    i.SX1276StartCad    sx1276.o
    0x00028cc4   0x00028cc4   0x00000014   Code   RO         4684    i.SX1276Write       sx1276.o
    0x00028cd8   0x00028cd8   0x00000010   Code   RO         4685    i.SX1276WriteBuffer  sx1276.o
    0x00028ce8   0x00028ce8   0x00000010   Code   RO         4686    i.SX1276WriteFifo   sx1276.o
    0x00028cf8   0x00028cf8   0x00000100   Code   RO         2371    i.ScheduleTx        loramac.o
    0x00028df8   0x00028df8   0x00000040   Code   RO         2372    i.Send              loramac.o
    0x00028e38   0x00028e38   0x00000070   Code   RO         1434    i.SendFrame         app_lora.o
    0x00028ea8   0x00028ea8   0x000000a8   Code   RO         2373    i.SendFrameOnChannel  loramac.o
    0x00028f50   0x00028f50   0x00000060   Code   RO         2374    i.SetTxContinuousWave  loramac.o
    0x00028fb0   0x00028fb0   0x0000003c   Code   RO         2375    i.SetTxContinuousWave1  loramac.o
    0x00028fec   0x00028fec   0x0000004e   Code   RO         1109    i.SpiIn             spi-board.o
    0x0002903a   0x0002903a   0x00000002   PAD
    0x0002903c   0x0002903c   0x00000050   Code   RO         1110    i.SpiInit           spi-board.o
    0x0002908c   0x0002908c   0x0000005e   Code   RO         1111    i.SpiOut            spi-board.o
    0x000290ea   0x000290ea   0x00000002   PAD
    0x000290ec   0x000290ec   0x00000050   Code   RO         1403    i.StrToHex          utils.o
    0x0002913c   0x0002913c   0x000002fc   Code   RO          821    i.SystemInit        system_nrf52.o
    0x00029438   0x00029438   0x00000004   Code   RO         1242    i.TimerGetCurrentTime  timer.o
    0x0002943c   0x0002943c   0x00000014   Code   RO         1243    i.TimerGetElapsedTime  timer.o
    0x00029450   0x00029450   0x00000020   Code   RO         1244    i.TimerInit         timer.o
    0x00029470   0x00029470   0x00000002   Code   RO         1245    i.TimerLowPowerHandler  timer.o
    0x00029472   0x00029472   0x0000000a   Code   RO         1246    i.TimerSetValue     timer.o
    0x0002947c   0x0002947c   0x00000042   Code   RO         1247    i.TimerStart        timer.o
    0x000294be   0x000294be   0x0000001a   Code   RO         1248    i.TimerStop         timer.o
    0x000294d8   0x000294d8   0x0000001c   Code   RO         8051    i.UARTE0_UART0_IRQHandler  nrf_drv_uart.o
    0x000294f4   0x000294f4   0x0000004c   Code   RO         2376    i.ValidatePayloadLength  loramac.o
    0x00029540   0x00029540   0x00000068   Code   RO        10270    i._DoInit           segger_rtt.o
    0x000295a8   0x000295a8   0x00000016   Code   RO        10271    i._GetAvailWriteSpace  segger_rtt.o
    0x000295be   0x000295be   0x0000005a   Code   RO        10273    i._WriteBlocking    segger_rtt.o
    0x00029618   0x00029618   0x00000042   Code   RO        10274    i._WriteNoCheck     segger_rtt.o
    0x0002965a   0x0002965a   0x00000002   PAD
    0x0002965c   0x0002965c   0x00000020   Code   RO        10986    i.__0printf$8       mc_w.l(printf8.o)
    0x0002967c   0x0002967c   0x0000001a   Code   RO         9675    i.__NVIC_ClearPendingIRQ  app_timer.o
    0x00029696   0x00029696   0x0000001a   Code   RO         9676    i.__NVIC_EnableIRQ  app_timer.o
    0x000296b0   0x000296b0   0x0000001a   Code   RO         9677    i.__NVIC_SetPendingIRQ  app_timer.o
    0x000296ca   0x000296ca   0x00000020   Code   RO         9678    i.__NVIC_SetPriority  app_timer.o
    0x000296ea   0x000296ea   0x00000002   PAD
    0x000296ec   0x000296ec   0x00000008   Code   RO        11090    i.__aeabi_errno_addr  mc_w.l(errno.o)
    0x000296f4   0x000296f4   0x00000004   PAD
    0x000296f8   0x000296f8   0x00000118   Code   RO        10710    i.__hardfp_ceil     m_wm.l(ceil.o)
    0x00029810   0x00029810   0x00000118   Code   RO        10716    i.__hardfp_floor    m_wm.l(floor.o)
    0x00029928   0x00029928   0x000000e0   Code   RO        10722    i.__hardfp_round    m_wm.l(round.o)
    0x00029a08   0x00029a08   0x0000000e   Code   RO        11114    i.__scatterload_copy  mc_w.l(handlers.o)
    0x00029a16   0x00029a16   0x00000002   Code   RO        11115    i.__scatterload_null  mc_w.l(handlers.o)
    0x00029a18   0x00029a18   0x0000000e   Code   RO        11116    i.__scatterload_zeroinit  mc_w.l(handlers.o)
    0x00029a26   0x00029a26   0x00000002   PAD
    0x00029a28   0x00029a28   0x00000024   Code   RO        10539    i.__sd_nvic_app_accessible_irq  nrf_sdh.o
    0x00029a4c   0x00029a4c   0x00000016   Code   RO        10540    i.__sd_nvic_is_app_accessible_priority  nrf_sdh.o
    0x00029a62   0x00029a62   0x00000002   PAD
    0x00029a64   0x00029a64   0x00000404   Code   RO        10993    i._printf_core      mc_w.l(printf8.o)
    0x00029e68   0x00029e68   0x00000024   Code   RO        10994    i._printf_post_padding  mc_w.l(printf8.o)
    0x00029e8c   0x00029e8c   0x0000002e   Code   RO        10995    i._printf_pre_padding  mc_w.l(printf8.o)
    0x00029eba   0x00029eba   0x00000002   PAD
    0x00029ebc   0x00029ebc   0x000000b0   Code   RO            4    i.add_scan_rsp_list  main.o
    0x00029f6c   0x00029f6c   0x00000026   Code   RO         5781    i.addr_compare      id_manager.o
    0x00029f92   0x00029f92   0x0000000c   Code   RO         8408    i.addr_is_aligned32  nrf_fstorage.o
    0x00029f9e   0x00029f9e   0x00000018   Code   RO         8409    i.addr_within_bounds  nrf_fstorage.o
    0x00029fb6   0x00029fb6   0x00000036   Code   RO          728    i.advertising_buttons_configure  bsp_btn_ble.o
    0x00029fec   0x00029fec   0x0000004e   Code   RO         4883    i.aes_encrypt       aes.o
    0x0002a03a   0x0002a03a   0x00000002   PAD
    0x0002a03c   0x0002a03c   0x000000f0   Code   RO         4884    i.aes_set_key       aes.o
    0x0002a12c   0x0002a12c   0x00000052   Code   RO         5782    i.ah                id_manager.o
    0x0002a17e   0x0002a17e   0x00000006   Code   RO          612    i.alert_timer_handler  bsp.o
    0x0002a184   0x0002a184   0x0000000c   Code   RO         6745    i.allow_repairing   security_dispatcher.o
    0x0002a190   0x0002a190   0x00000024   Code   RO         8283    i.app_button_enable  app_button.o
    0x0002a1b4   0x0002a1b4   0x00000070   Code   RO         8284    i.app_button_init   app_button.o
    0x0002a224   0x0002a224   0x0000007c   Code   RO         9359    i.app_error_fault_handler  app_error_weak.o
    0x0002a2a0   0x0002a2a0   0x00000016   Code   RO         9320    i.app_error_handler_bare  app_error.o
    0x0002a2b6   0x0002a2b6   0x00000016   Code   RO         8339    i.app_fifo_get      app_fifo.o
    0x0002a2cc   0x0002a2cc   0x00000020   Code   RO         8340    i.app_fifo_init     app_fifo.o
    0x0002a2ec   0x0002a2ec   0x0000001a   Code   RO         8342    i.app_fifo_put      app_fifo.o
    0x0002a306   0x0002a306   0x00000002   PAD
    0x0002a308   0x0002a308   0x00000028   Code   RO         9681    i.app_timer_create  app_timer.o
    0x0002a330   0x0002a330   0x00000054   Code   RO         9682    i.app_timer_init    app_timer.o
    0x0002a384   0x0002a384   0x00000088   Code   RO         9685    i.app_timer_start   app_timer.o
    0x0002a40c   0x0002a40c   0x00000020   Code   RO         9686    i.app_timer_stop    app_timer.o
    0x0002a42c   0x0002a42c   0x00000034   Code   RO         8921    i.app_uart_get      app_uart_fifo.o
    0x0002a460   0x0002a460   0x000000b4   Code   RO         8922    i.app_uart_init     app_uart_fifo.o
    0x0002a514   0x0002a514   0x0000003c   Code   RO         8923    i.app_uart_put      app_uart_fifo.o
    0x0002a550   0x0002a550   0x00000048   Code   RO         9389    i.app_util_critical_region_enter  app_util_platform.o
    0x0002a598   0x0002a598   0x00000034   Code   RO         9390    i.app_util_critical_region_exit  app_util_platform.o
    0x0002a5cc   0x0002a5cc   0x000000b8   Code   RO         8052    i.apply_config      nrf_drv_uart.o
    0x0002a684   0x0002a684   0x000000dc   Code   RO         6746    i.auth_status_success_process  security_dispatcher.o
    0x0002a760   0x0002a760   0x00000182   Code   RO         5136    i.ble_advdata_encode  ble_advdata.o
    0x0002a8e2   0x0002a8e2   0x00000068   Code   RO         5137    i.ble_advdata_set   ble_advdata.o
    0x0002a94a   0x0002a94a   0x00000006   Code   RO         5064    i.ble_advertising_conn_cfg_tag_set  ble_advertising.o
    0x0002a950   0x0002a950   0x00000136   Code   RO         5065    i.ble_advertising_init  ble_advertising.o
    0x0002aa86   0x0002aa86   0x00000068   Code   RO         5067    i.ble_advertising_on_ble_evt  ble_advertising.o
    0x0002aaee   0x0002aaee   0x00000032   Code   RO         5068    i.ble_advertising_on_sys_evt  ble_advertising.o
    0x0002ab20   0x0002ab20   0x0000003c   Code   RO         5070    i.ble_advertising_restart_without_whitelist  ble_advertising.o
    0x0002ab5c   0x0002ab5c   0x000001ca   Code   RO         5071    i.ble_advertising_start  ble_advertising.o
    0x0002ad26   0x0002ad26   0x00000002   PAD
    0x0002ad28   0x0002ad28   0x00000068   Code   RO         5214    i.ble_conn_params_init  ble_conn_params.o
    0x0002ad90   0x0002ad90   0x00000010   Code   RO         5291    i.ble_conn_state_conn_handles  ble_conn_state.o
    0x0002ada0   0x0002ada0   0x00000010   Code   RO         5293    i.ble_conn_state_encrypted  ble_conn_state.o
    0x0002adb0   0x0002adb0   0x00000030   Code   RO         5300    i.ble_conn_state_role  ble_conn_state.o
    0x0002ade0   0x0002ade0   0x0000001c   Code   RO         5303    i.ble_conn_state_user_flag_collection  ble_conn_state.o
    0x0002adfc   0x0002adfc   0x0000002c   Code   RO         5304    i.ble_conn_state_user_flag_get  ble_conn_state.o
    0x0002ae28   0x0002ae28   0x00000030   Code   RO         5305    i.ble_conn_state_user_flag_set  ble_conn_state.o
    0x0002ae58   0x0002ae58   0x00000090   Code   RO         7086    i.ble_db_discovery_on_ble_evt  ble_db_discovery.o
    0x0002aee8   0x0002aee8   0x00000060   Code   RO         5138    i.ble_device_addr_encode  ble_advdata.o
    0x0002af48   0x0002af48   0x000001f0   Code   RO            6    i.ble_evt_handler   main.o
    0x0002b138   0x0002b138   0x00000070   Code   RO          729    i.ble_evt_handler   bsp_btn_ble.o
    0x0002b1a8   0x0002b1a8   0x000000fc   Code   RO         5216    i.ble_evt_handler   ble_conn_params.o
    0x0002b2a4   0x0002b2a4   0x0000010c   Code   RO         5307    i.ble_evt_handler   ble_conn_state.o
    0x0002b3b0   0x0002b3b0   0x00000028   Code   RO         6369    i.ble_evt_handler   peer_manager.o
    0x0002b3d8   0x0002b3d8   0x00000064   Code   RO         7033    i.ble_nus_init      ble_nus.o
    0x0002b43c   0x0002b43c   0x0000008c   Code   RO         7034    i.ble_nus_on_ble_evt  ble_nus.o
    0x0002b4c8   0x0002b4c8   0x00000048   Code   RO         7035    i.ble_nus_string_send  ble_nus.o
    0x0002b510   0x0002b510   0x00000008   Code   RO         5443    i.ble_srv_is_notification_enabled  ble_srv_common.o
    0x0002b518   0x0002b518   0x0000000c   Code   RO          486    i.bsp_board_button_idx_to_pin  boards.o
    0x0002b524   0x0002b524   0x0000001c   Code   RO          488    i.bsp_board_buttons_init  boards.o
    0x0002b540   0x0002b540   0x00000024   Code   RO          490    i.bsp_board_led_invert  boards.o
    0x0002b564   0x0002b564   0x00000010   Code   RO          491    i.bsp_board_led_off  boards.o
    0x0002b574   0x0002b574   0x00000010   Code   RO          492    i.bsp_board_led_on  boards.o
    0x0002b584   0x0002b584   0x00000020   Code   RO          493    i.bsp_board_led_state_get  boards.o
    0x0002b5a4   0x0002b5a4   0x00000024   Code   RO          494    i.bsp_board_leds_init  boards.o
    0x0002b5c8   0x0002b5c8   0x00000006   Code   RO          495    i.bsp_board_leds_off  boards.o
    0x0002b5ce   0x0002b5ce   0x00000006   Code   RO          496    i.bsp_board_leds_on  boards.o
    0x0002b5d4   0x0002b5d4   0x00000018   Code   RO          497    i.bsp_board_pin_to_button_idx  boards.o
    0x0002b5ec   0x0002b5ec   0x0000001e   Code   RO          731    i.bsp_btn_ble_sleep_mode_prepare  bsp_btn_ble.o
    0x0002b60a   0x0002b60a   0x00000002   PAD
    0x0002b60c   0x0002b60c   0x00000070   Code   RO          613    i.bsp_button_event_handler  bsp.o
    0x0002b67c   0x0002b67c   0x0000005c   Code   RO            7    i.bsp_event_handler  main.o
    0x0002b6d8   0x0002b6d8   0x00000034   Code   RO          617    i.bsp_event_to_button_action_assign  bsp.o
    0x0002b70c   0x0002b70c   0x00000018   Code   RO          618    i.bsp_indication_set  bsp.o
    0x0002b724   0x0002b724   0x00000090   Code   RO          619    i.bsp_init          bsp.o
    0x0002b7b4   0x0002b7b4   0x000001b8   Code   RO          620    i.bsp_led_indication  bsp.o
    0x0002b96c   0x0002b96c   0x00000010   Code   RO          622    i.bsp_wakeup_button_enable  bsp.o
    0x0002b97c   0x0002b97c   0x00000064   Code   RO         9920    i.buf_prealloc      nrf_log_frontend.o
    0x0002b9e0   0x0002b9e0   0x0000001e   Code   RO         9279    i.buffer_add        nrf_fprintf_format.o
    0x0002b9fe   0x0002b9fe   0x00000002   PAD
    0x0002ba00   0x0002ba00   0x00000014   Code   RO         9921    i.buffer_is_empty   nrf_log_frontend.o
    0x0002ba14   0x0002ba14   0x00000008   Code   RO          623    i.button_timer_handler  bsp.o
    0x0002ba1c   0x0002ba1c   0x0000001c   Code   RO         7404    i.channel_free      nrf_drv_gpiote.o
    0x0002ba38   0x0002ba38   0x00000048   Code   RO         7405    i.channel_port_alloc  nrf_drv_gpiote.o
    0x0002ba80   0x0002ba80   0x00000010   Code   RO         7406    i.channel_port_get  nrf_drv_gpiote.o
    0x0002ba90   0x0002ba90   0x00000042   Code   RO         7088    i.characteristics_discover  ble_db_discovery.o
    0x0002bad2   0x0002bad2   0x00000038   Code   RO         6279    i.claim             peer_id.o
    0x0002bb0a   0x0002bb0a   0x00000002   PAD
    0x0002bb0c   0x0002bb0c   0x00000028   Code   RO         7198    i.clock_clk_started_notify  nrf_drv_clock.o
    0x0002bb34   0x0002bb34   0x000000ac   Code   RO         9688    i.compare_reg_update  app_timer.o
    0x0002bbe0   0x0002bbe0   0x00000088   Code   RO         5139    i.conn_int_encode   ble_advdata.o
    0x0002bc68   0x0002bc68   0x00000004   Code   RO            8    i.conn_params_error_handler  main.o
    0x0002bc6c   0x0002bc6c   0x00000048   Code   RO         5217    i.conn_params_negotiation  ble_conn_params.o
    0x0002bcb4   0x0002bcb4   0x00000044   Code   RO         6747    i.conn_sec_failure  security_dispatcher.o
    0x0002bcf8   0x0002bcf8   0x00000084   Code   RO         4885    i.copy_and_key      aes.o
    0x0002bd7c   0x0002bd7c   0x00000042   Code   RO         4886    i.copy_block        aes.o
    0x0002bdbe   0x0002bdbe   0x00000002   PAD
    0x0002bdc0   0x0002bdc0   0x00000080   Code   RO         8597    i.delete_execute    fds.o
    0x0002be40   0x0002be40   0x0000008c   Code   RO         7089    i.descriptors_discover  ble_db_discovery.o
    0x0002becc   0x0002becc   0x00000060   Code   RO         8286    i.detection_delay_timeout_handler  app_button.o
    0x0002bf2c   0x0002bf2c   0x00000090   Code   RO         7090    i.discovery_complete_evt_trigger  ble_db_discovery.o
    0x0002bfbc   0x0002bfbc   0x0000003c   Code   RO         7091    i.discovery_error_evt_trigger  ble_db_discovery.o
    0x0002bff8   0x0002bff8   0x0000005c   Code   RO         7092    i.discovery_start   ble_db_discovery.o
    0x0002c054   0x0002c054   0x00000030   Code   RO         1435    i.dump_hex2str      app_lora.o
    0x0002c084   0x0002c084   0x00000040   Code   RO         9689    i.elapsed_ticks_acquire  app_timer.o
    0x0002c0c4   0x0002c0c4   0x0000000a   Code   RO         6748    i.encryption_failure  security_dispatcher.o
    0x0002c0ce   0x0002c0ce   0x00000002   PAD
    0x0002c0d0   0x0002c0d0   0x0000004c   Code   RO         8477    i.erase             nrf_fstorage_sd.o
    0x0002c11c   0x0002c11c   0x00000074   Code   RO         8598    i.event_prepare     fds.o
    0x0002c190   0x0002c190   0x0000004e   Code   RO         8478    i.event_send        nrf_fstorage_sd.o
    0x0002c1de   0x0002c1de   0x00000002   PAD
    0x0002c1e0   0x0002c1e0   0x00000020   Code   RO         8599    i.event_send        fds.o
    0x0002c200   0x0002c200   0x00000074   Code   RO         6888    i.events_send_from_err_code  security_manager.o
    0x0002c274   0x0002c274   0x0000001c   Code   RO         5597    i.evt_send          gatt_cache_manager.o
    0x0002c290   0x0002c290   0x0000002c   Code   RO         6370    i.evt_send          peer_manager.o
    0x0002c2bc   0x0002c2bc   0x0000001c   Code   RO         6749    i.evt_send          security_dispatcher.o
    0x0002c2d8   0x0002c2d8   0x0000000c   Code   RO         6889    i.evt_send          security_manager.o
    0x0002c2e4   0x0002c2e4   0x00000044   Code   RO         8601    i.fds_file_delete   fds.o
    0x0002c328   0x0002c328   0x00000040   Code   RO         8604    i.fds_record_close  fds.o
    0x0002c368   0x0002c368   0x0000000e   Code   RO         8606    i.fds_record_find   fds.o
    0x0002c376   0x0002c376   0x00000010   Code   RO         8607    i.fds_record_find_by_key  fds.o
    0x0002c386   0x0002c386   0x00000010   Code   RO         8608    i.fds_record_find_in_file  fds.o
    0x0002c396   0x0002c396   0x00000010   Code   RO         8609    i.fds_record_id_from_desc  fds.o
    0x0002c3a6   0x0002c3a6   0x00000002   PAD
    0x0002c3a8   0x0002c3a8   0x00000048   Code   RO         8611    i.fds_record_open   fds.o
    0x0002c3f0   0x0002c3f0   0x0000000e   Code   RO         8612    i.fds_record_update  fds.o
    0x0002c3fe   0x0002c3fe   0x00000008   Code   RO         8613    i.fds_record_write  fds.o
    0x0002c406   0x0002c406   0x0000000c   Code   RO         8614    i.fds_record_write_reserved  fds.o
    0x0002c412   0x0002c412   0x00000002   PAD
    0x0002c414   0x0002c414   0x00000030   Code   RO         8616    i.fds_reserve       fds.o
    0x0002c444   0x0002c444   0x00000048   Code   RO         8617    i.fds_reserve_cancel  fds.o
    0x0002c48c   0x0002c48c   0x00000014   Code   RO         8345    i.fifo_get          app_fifo.o
    0x0002c4a0   0x0002c4a0   0x00000012   Code   RO         8346    i.fifo_put          app_fifo.o
    0x0002c4b2   0x0002c4b2   0x00000002   PAD
    0x0002c4b4   0x0002c4b4   0x00000054   Code   RO         6891    i.flags_set_from_err_code  security_manager.o
    0x0002c508   0x0002c508   0x0000000e   Code   RO         9523    i.fputc             retarget.o
    0x0002c516   0x0002c516   0x00000006   Code   RO         8619    i.fs_event_handler  fds.o
    0x0002c51c   0x0002c51c   0x000000ac   Code   RO         1436    i.fstorage_evt_handler  app_lora.o
    0x0002c5c8   0x0002c5c8   0x00000054   Code   RO            9    i.gatt_evt_handler  main.o
    0x0002c61c   0x0002c61c   0x00000030   Code   RO           10    i.gatt_init         main.o
    0x0002c64c   0x0002c64c   0x0000007c   Code   RO         8620    i.gc_execute        fds.o
    0x0002c6c8   0x0002c6c8   0x0000004c   Code   RO         8621    i.gc_next_page      fds.o
    0x0002c714   0x0002c714   0x00000040   Code   RO         8622    i.gc_page_erase     fds.o
    0x0002c754   0x0002c754   0x00000034   Code   RO         8623    i.gc_record_copy    fds.o
    0x0002c788   0x0002c788   0x00000024   Code   RO         8624    i.gc_record_find_next  fds.o
    0x0002c7ac   0x0002c7ac   0x00000088   Code   RO         8625    i.gc_state_advance  fds.o
    0x0002c834   0x0002c834   0x00000098   Code   RO         5598    i.gcm_ble_evt_handler  gatt_cache_manager.o
    0x0002c8cc   0x0002c8cc   0x00000030   Code   RO         5599    i.gcm_im_evt_handler  gatt_cache_manager.o
    0x0002c8fc   0x0002c8fc   0x0000007c   Code   RO         5603    i.gcm_pdb_evt_handler  gatt_cache_manager.o
    0x0002c978   0x0002c978   0x00000038   Code   RO         5783    i.get_connection_by_conn_handle  id_manager.o
    0x0002c9b0   0x0002c9b0   0x00000030   Code   RO         5784    i.get_free_connection  id_manager.o
    0x0002c9e0   0x0002c9e0   0x00000058   Code   RO         8287    i.gpiote_event_handler  app_button.o
    0x0002ca38   0x0002ca38   0x0000001c   Code   RO         5705    i.gscm_db_change_notification_done  gatts_cache_manager.o
    0x0002ca54   0x0002ca54   0x0000006a   Code   RO         5708    i.gscm_local_db_cache_apply  gatts_cache_manager.o
    0x0002cabe   0x0002cabe   0x00000082   Code   RO         5709    i.gscm_local_db_cache_update  gatts_cache_manager.o
    0x0002cb40   0x0002cb40   0x00000018   Code   RO         5710    i.gscm_pdb_evt_handler  gatts_cache_manager.o
    0x0002cb58   0x0002cb58   0x0000001e   Code   RO         5711    i.gscm_service_changed_ind_needed  gatts_cache_manager.o
    0x0002cb76   0x0002cb76   0x00000002   PAD
    0x0002cb78   0x0002cb78   0x00000038   Code   RO         5712    i.gscm_service_changed_ind_send  gatts_cache_manager.o
    0x0002cbb0   0x0002cbb0   0x00000026   Code   RO         8626    i.header_check      fds.o
    0x0002cbd6   0x0002cbd6   0x00000012   Code   RO         8627    i.header_has_next   fds.o
    0x0002cbe8   0x0002cbe8   0x00000046   Code   RO         5785    i.im_address_resolve  id_manager.o
    0x0002cc2e   0x0002cc2e   0x00000002   PAD
    0x0002cc30   0x0002cc30   0x00000030   Code   RO         5786    i.im_ble_addr_get   id_manager.o
    0x0002cc60   0x0002cc60   0x000000c8   Code   RO         5787    i.im_ble_evt_handler  id_manager.o
    0x0002cd28   0x0002cd28   0x0000002c   Code   RO         5788    i.im_conn_handle_get  id_manager.o
    0x0002cd54   0x0002cd54   0x00000038   Code   RO         5790    i.im_find_duplicate_bonding_data  id_manager.o
    0x0002cd8c   0x0002cd8c   0x00000072   Code   RO         5794    i.im_is_duplicate_bonding_data  id_manager.o
    0x0002cdfe   0x0002cdfe   0x00000018   Code   RO         5795    i.im_master_id_is_valid  id_manager.o
    0x0002ce16   0x0002ce16   0x0000002a   Code   RO         5796    i.im_master_ids_compare  id_manager.o
    0x0002ce40   0x0002ce40   0x00000004   Code   RO         5797    i.im_new_peer_id    id_manager.o
    0x0002ce44   0x0002ce44   0x00000026   Code   RO         5798    i.im_peer_free      id_manager.o
    0x0002ce6a   0x0002ce6a   0x00000002   PAD
    0x0002ce6c   0x0002ce6c   0x00000020   Code   RO         5799    i.im_peer_id_get_by_conn_handle  id_manager.o
    0x0002ce8c   0x0002ce8c   0x0000003c   Code   RO         5800    i.im_peer_id_get_by_master_id  id_manager.o
    0x0002cec8   0x0002cec8   0x00000038   Code   RO         8479    i.init              nrf_fstorage_sd.o
    0x0002cf00   0x0002cf00   0x000000c8   Code   RO         8628    i.init_execute      fds.o
    0x0002cfc8   0x0002cfc8   0x00000014   Code   RO         5218    i.instance_get      ble_conn_params.o
    0x0002cfdc   0x0002cfdc   0x000000a6   Code   RO         9280    i.int_print         nrf_fprintf_format.o
    0x0002d082   0x0002d082   0x00000002   PAD
    0x0002d084   0x0002d084   0x00000078   Code   RO         8053    i.interrupts_enable  nrf_drv_uart.o
    0x0002d0fc   0x0002d0fc   0x000000b6   Code   RO         7877    i.irq_handler_twi   nrf_drv_twi.o
    0x0002d1b2   0x0002d1b2   0x00000002   PAD
    0x0002d1b4   0x0002d1b4   0x00000010   Code   RO         8480    i.is_busy           nrf_fstorage_sd.o
    0x0002d1c4   0x0002d1c4   0x00000044   Code   RO         5219    i.is_conn_params_ok  ble_conn_params.o
    0x0002d208   0x0002d208   0x0000004c   Code   RO         7093    i.is_desc_discovery_reqd  ble_db_discovery.o
    0x0002d254   0x0002d254   0x00000014   Code   RO         5805    i.is_valid_irk      id_manager.o
    0x0002d268   0x0002d268   0x0000000c   Code   RO         8629    i.is_word_aligned   fds.o
    0x0002d274   0x0002d274   0x00000014   Code   RO          624    i.leds_off          bsp.o
    0x0002d288   0x0002d288   0x00000014   Code   RO          625    i.leds_timer_handler  bsp.o
    0x0002d29c   0x0002d29c   0x00000028   Code   RO         7201    i.lfclk_stop        nrf_drv_clock.o
    0x0002d2c4   0x0002d2c4   0x00000018   Code   RO         5500    i.link_init         nrf_ble_gatt.o
    0x0002d2dc   0x0002d2dc   0x000000b4   Code   RO         6892    i.link_secure       security_manager.o
    0x0002d390   0x0002d390   0x0000007c   Code   RO         6751    i.link_secure_central_encryption  security_dispatcher.o
    0x0002d40c   0x0002d40c   0x000000a8   Code   RO         6752    i.link_secure_central_pairing  security_dispatcher.o
    0x0002d4b4   0x0002d4b4   0x0000008c   Code   RO         6753    i.link_secure_failure  security_dispatcher.o
    0x0002d540   0x0002d540   0x0000005c   Code   RO         6893    i.link_secure_pending_process  security_manager.o
    0x0002d59c   0x0002d59c   0x000000f8   Code   RO         9690    i.list_insertions_handler  app_timer.o
    0x0002d694   0x0002d694   0x00000068   Code   RO         5604    i.local_db_apply_in_evt  gatt_cache_manager.o
    0x0002d6fc   0x0002d6fc   0x00000010   Code   RO         5605    i.local_db_update   gatt_cache_manager.o
    0x0002d70c   0x0002d70c   0x00000032   Code   RO         6692    i.lock_by_mask      pm_mutex.o
    0x0002d73e   0x0002d73e   0x00000002   PAD
    0x0002d740   0x0002d740   0x00000094   Code   RO         9923    i.log_skip          nrf_log_frontend.o
    0x0002d7d4   0x0002d7d4   0x00000014   Code   RO         1437    i.lora_init         app_lora.o
    0x0002d7e8   0x0002d7e8   0x000001e4   Code   RO         1438    i.lora_process      app_lora.o
    0x0002d9cc   0x0002d9cc   0x0000006c   Code   RO           11    i.main              main.o
    0x0002da38   0x0002da38   0x00000064   Code   RO         5140    i.manuf_specific_data_encode  ble_advdata.o
    0x0002da9c   0x0002da9c   0x00000014   Code   RO         1311    i.memcpy1           utilities.o
    0x0002dab0   0x0002dab0   0x00000018   Code   RO         1312    i.memcpyr           utilities.o
    0x0002dac8   0x0002dac8   0x00000076   Code   RO         9054    i.memobj_op         nrf_memobj.o
    0x0002db3e   0x0002db3e   0x00000002   PAD
    0x0002db40   0x0002db40   0x00000010   Code   RO         1313    i.memset1           utilities.o
    0x0002db50   0x0002db50   0x0000021c   Code   RO         4887    i.mix_sub_columns   aes.o
    0x0002dd6c   0x0002dd6c   0x00000034   Code   RO         9924    i.module_idx_get    nrf_log_frontend.o
    0x0002dda0   0x0002dda0   0x00000160   Code   RO           12    i.nRF_BLE_init      main.o
    0x0002df00   0x0002df00   0x00000098   Code   RO           13    i.nRF_hardware_init  main.o
    0x0002df98   0x0002df98   0x00000048   Code   RO           14    i.nRF_lora_init     main.o
    0x0002dfe0   0x0002dfe0   0x0000009c   Code   RO         5141    i.name_encode       ble_advdata.o
    0x0002e07c   0x0002e07c   0x00000058   Code   RO         5806    i.new_connection    id_manager.o
    0x0002e0d4   0x0002e0d4   0x00000014   Code   RO         6894    i.new_context_get   security_manager.o
    0x0002e0e8   0x0002e0e8   0x00000030   Code   RO         6280    i.next_id_get       peer_id.o
    0x0002e118   0x0002e118   0x00000010   Code   RO         9127    i.nrf_atfifo_clear  nrf_atfifo.o
    0x0002e128   0x0002e128   0x00000026   Code   RO         9129    i.nrf_atfifo_init   nrf_atfifo.o
    0x0002e14e   0x0002e14e   0x00000016   Code   RO         9130    i.nrf_atfifo_item_alloc  nrf_atfifo.o
    0x0002e164   0x0002e164   0x00000016   Code   RO         9131    i.nrf_atfifo_item_free  nrf_atfifo.o
    0x0002e17a   0x0002e17a   0x00000016   Code   RO         9132    i.nrf_atfifo_item_get  nrf_atfifo.o
    0x0002e190   0x0002e190   0x00000016   Code   RO         9133    i.nrf_atfifo_item_put  nrf_atfifo.o
    0x0002e1a6   0x0002e1a6   0x0000000e   Code   RO         9925    i.nrf_atomic_flag_set  nrf_log_frontend.o
    0x0002e1b4   0x0002e1b4   0x0000000c   Code   RO         8630    i.nrf_atomic_u32_add  fds.o
    0x0002e1c0   0x0002e1c0   0x00000044   Code   RO         9195    i.nrf_balloc_alloc  nrf_balloc.o
    0x0002e204   0x0002e204   0x00000030   Code   RO         9196    i.nrf_balloc_free   nrf_balloc.o
    0x0002e234   0x0002e234   0x00000030   Code   RO         9197    i.nrf_balloc_init   nrf_balloc.o
    0x0002e264   0x0002e264   0x00000010   Code   RO         7407    i.nrf_bitmask_bit_is_set  nrf_drv_gpiote.o
    0x0002e274   0x0002e274   0x00000018   Code   RO         5502    i.nrf_ble_gatt_att_mtu_periph_set  nrf_ble_gatt.o
    0x0002e28c   0x0002e28c   0x00000022   Code   RO         5506    i.nrf_ble_gatt_init  nrf_ble_gatt.o
    0x0002e2ae   0x0002e2ae   0x00000002   PAD
    0x0002e2b0   0x0002e2b0   0x00000148   Code   RO         5507    i.nrf_ble_gatt_on_ble_evt  nrf_ble_gatt.o
    0x0002e3f8   0x0002e3f8   0x0000000e   Code   RO         7202    i.nrf_clock_event_check  nrf_drv_clock.o
    0x0002e406   0x0002e406   0x00000010   Code   RO         7203    i.nrf_clock_event_clear  nrf_drv_clock.o
    0x0002e416   0x0002e416   0x00000002   PAD
    0x0002e418   0x0002e418   0x0000008c   Code   RO         1314    i.nrf_delay_us      utilities.o
    0x0002e4a4   0x0002e4a4   0x0000008c   Code   RO         9691    i.nrf_delay_us      app_timer.o
    0x0002e530   0x0002e530   0x00000048   Code   RO         7210    i.nrf_drv_clock_init  nrf_drv_clock.o
    0x0002e578   0x0002e578   0x0000002c   Code   RO         7214    i.nrf_drv_clock_lfclk_release  nrf_drv_clock.o
    0x0002e5a4   0x0002e5a4   0x0000003c   Code   RO         7367    i.nrf_drv_common_irq_enable  nrf_drv_common.o
    0x0002e5e0   0x0002e5e0   0x00000006   Code   RO         8055    i.nrf_drv_get_IRQn  nrf_drv_uart.o
    0x0002e5e6   0x0002e5e6   0x00000002   PAD
    0x0002e5e8   0x0002e5e8   0x00000048   Code   RO         7411    i.nrf_drv_gpiote_in_event_disable  nrf_drv_gpiote.o
    0x0002e630   0x0002e630   0x000000a4   Code   RO         7412    i.nrf_drv_gpiote_in_event_enable  nrf_drv_gpiote.o
    0x0002e6d4   0x0002e6d4   0x000000b8   Code   RO         7413    i.nrf_drv_gpiote_in_init  nrf_drv_gpiote.o
    0x0002e78c   0x0002e78c   0x00000014   Code   RO         7414    i.nrf_drv_gpiote_in_is_set  nrf_drv_gpiote.o
    0x0002e7a0   0x0002e7a0   0x00000048   Code   RO         7415    i.nrf_drv_gpiote_in_uninit  nrf_drv_gpiote.o
    0x0002e7e8   0x0002e7e8   0x0000005c   Code   RO         7416    i.nrf_drv_gpiote_init  nrf_drv_gpiote.o
    0x0002e844   0x0002e844   0x00000014   Code   RO         7417    i.nrf_drv_gpiote_is_init  nrf_drv_gpiote.o
    0x0002e858   0x0002e858   0x0000000e   Code   RO         7418    i.nrf_drv_gpiote_out_clear  nrf_drv_gpiote.o
    0x0002e866   0x0002e866   0x00000002   PAD
    0x0002e868   0x0002e868   0x000000b8   Code   RO         7419    i.nrf_drv_gpiote_out_init  nrf_drv_gpiote.o
    0x0002e920   0x0002e920   0x0000000e   Code   RO         7420    i.nrf_drv_gpiote_out_set  nrf_drv_gpiote.o
    0x0002e92e   0x0002e92e   0x00000002   PAD
    0x0002e930   0x0002e930   0x00000044   Code   RO         7427    i.nrf_drv_gpiote_out_uninit  nrf_drv_gpiote.o
    0x0002e974   0x0002e974   0x00000010   Code   RO         7763    i.nrf_drv_is_in_RAM  nrf_drv_spi.o
    0x0002e984   0x0002e984   0x00000010   Code   RO         8056    i.nrf_drv_is_in_RAM  nrf_drv_uart.o
    0x0002e994   0x0002e994   0x00000018   Code   RO         7651    i.nrf_drv_rtc_enable  nrf_drv_rtc.o
    0x0002e9ac   0x0002e9ac   0x00000060   Code   RO         7652    i.nrf_drv_rtc_init  nrf_drv_rtc.o
    0x0002ea0c   0x0002ea0c   0x000000a0   Code   RO         7653    i.nrf_drv_rtc_int_handler  nrf_drv_rtc.o
    0x0002eaac   0x0002eaac   0x00000020   Code   RO         7654    i.nrf_drv_rtc_max_ticks_get  nrf_drv_rtc.o
    0x0002eacc   0x0002eacc   0x00000024   Code   RO         7656    i.nrf_drv_rtc_overflow_enable  nrf_drv_rtc.o
    0x0002eaf0   0x0002eaf0   0x00000024   Code   RO         7658    i.nrf_drv_rtc_tick_enable  nrf_drv_rtc.o
    0x0002eb14   0x0002eb14   0x00000128   Code   RO         7766    i.nrf_drv_spi_init  nrf_drv_spi.o
    0x0002ec3c   0x0002ec3c   0x0000001c   Code   RO         7768    i.nrf_drv_spi_transfer  nrf_drv_spi.o
    0x0002ec58   0x0002ec58   0x00000060   Code   RO         7770    i.nrf_drv_spi_xfer  nrf_drv_spi.o
    0x0002ecb8   0x0002ecb8   0x00000068   Code   RO         8058    i.nrf_drv_uart_init  nrf_drv_uart.o
    0x0002ed20   0x0002ed20   0x000000b0   Code   RO         8059    i.nrf_drv_uart_rx   nrf_drv_uart.o
    0x0002edd0   0x0002edd0   0x00000030   Code   RO         8062    i.nrf_drv_uart_rx_enable  nrf_drv_uart.o
    0x0002ee00   0x0002ee00   0x000000a8   Code   RO         8063    i.nrf_drv_uart_rx_for_uart  nrf_drv_uart.o
    0x0002eea8   0x0002eea8   0x000000b0   Code   RO         8064    i.nrf_drv_uart_rx_for_uarte  nrf_drv_uart.o
    0x0002ef58   0x0002ef58   0x0000010c   Code   RO         8066    i.nrf_drv_uart_tx   nrf_drv_uart.o
    0x0002f064   0x0002f064   0x00000018   Code   RO         8068    i.nrf_drv_uart_tx_in_progress  nrf_drv_uart.o
    0x0002f07c   0x0002f07c   0x0000001a   Code   RO         9236    i.nrf_fprintf       nrf_fprintf.o
    0x0002f096   0x0002f096   0x00000018   Code   RO         9237    i.nrf_fprintf_buffer_flush  nrf_fprintf.o
    0x0002f0ae   0x0002f0ae   0x000001da   Code   RO         9281    i.nrf_fprintf_fmt   nrf_fprintf_format.o
    0x0002f288   0x0002f288   0x0000004e   Code   RO         8410    i.nrf_fstorage_erase  nrf_fstorage.o
    0x0002f2d6   0x0002f2d6   0x00000010   Code   RO         8411    i.nrf_fstorage_init  nrf_fstorage.o
    0x0002f2e6   0x0002f2e6   0x00000002   PAD
    0x0002f2e8   0x0002f2e8   0x00000050   Code   RO         8412    i.nrf_fstorage_is_busy  nrf_fstorage.o
    0x0002f338   0x0002f338   0x00000050   Code   RO         8413    i.nrf_fstorage_read  nrf_fstorage.o
    0x0002f388   0x0002f388   0x00000018   Code   RO         8481    i.nrf_fstorage_sdh_req_handler  nrf_fstorage_sd.o
    0x0002f3a0   0x0002f3a0   0x00000020   Code   RO         8482    i.nrf_fstorage_sdh_state_handler  nrf_fstorage_sd.o
    0x0002f3c0   0x0002f3c0   0x000000a4   Code   RO         8483    i.nrf_fstorage_sys_evt_handler  nrf_fstorage_sd.o
    0x0002f464   0x0002f464   0x00000066   Code   RO         8417    i.nrf_fstorage_write  nrf_fstorage.o
    0x0002f4ca   0x0002f4ca   0x00000024   Code   RO          499    i.nrf_gpio_cfg      boards.o
    0x0002f4ee   0x0002f4ee   0x00000024   Code   RO         7431    i.nrf_gpio_cfg      nrf_drv_gpiote.o
    0x0002f512   0x0002f512   0x00000024   Code   RO         7771    i.nrf_gpio_cfg      nrf_drv_spi.o
    0x0002f536   0x0002f536   0x00000024   Code   RO         8070    i.nrf_gpio_cfg      nrf_drv_uart.o
    0x0002f55a   0x0002f55a   0x00000012   Code   RO         7432    i.nrf_gpio_cfg_default  nrf_drv_gpiote.o
    0x0002f56c   0x0002f56c   0x00000012   Code   RO         8072    i.nrf_gpio_cfg_input  nrf_drv_uart.o
    0x0002f57e   0x0002f57e   0x00000014   Code   RO         7772    i.nrf_gpio_cfg_output  nrf_drv_spi.o
    0x0002f592   0x0002f592   0x00000014   Code   RO         8073    i.nrf_gpio_cfg_output  nrf_drv_uart.o
    0x0002f5a6   0x0002f5a6   0x00000022   Code   RO          626    i.nrf_gpio_cfg_sense_set  bsp.o
    0x0002f5c8   0x0002f5c8   0x00000022   Code   RO         7433    i.nrf_gpio_cfg_sense_set  nrf_drv_gpiote.o
    0x0002f5ea   0x0002f5ea   0x0000000e   Code   RO         7773    i.nrf_gpio_pin_set  nrf_drv_spi.o
    0x0002f5f8   0x0002f5f8   0x00000016   Code   RO          500    i.nrf_gpio_pin_write  boards.o
    0x0002f60e   0x0002f60e   0x00000002   PAD
    0x0002f610   0x0002f610   0x00000028   Code   RO         7434    i.nrf_gpio_ports_read  nrf_drv_gpiote.o
    0x0002f638   0x0002f638   0x00000014   Code   RO         7435    i.nrf_gpiote_event_clear  nrf_drv_gpiote.o
    0x0002f64c   0x0002f64c   0x00000010   Code   RO         7436    i.nrf_gpiote_event_is_set  nrf_drv_gpiote.o
    0x0002f65c   0x0002f65c   0x00000050   Code   RO         9926    i.nrf_log_backend_add  nrf_log_frontend.o
    0x0002f6ac   0x0002f6ac   0x00000002   Code   RO        10157    i.nrf_log_backend_rtt_flush  nrf_log_backend_rtt.o
    0x0002f6ae   0x0002f6ae   0x00000004   Code   RO        10158    i.nrf_log_backend_rtt_init  nrf_log_backend_rtt.o
    0x0002f6b2   0x0002f6b2   0x00000002   Code   RO        10159    i.nrf_log_backend_rtt_panic_set  nrf_log_backend_rtt.o
    0x0002f6b4   0x0002f6b4   0x00000018   Code   RO        10160    i.nrf_log_backend_rtt_put  nrf_log_backend_rtt.o
    0x0002f6cc   0x0002f6cc   0x000000c8   Code   RO        10211    i.nrf_log_backend_serial_put  nrf_log_backend_serial.o
    0x0002f794   0x0002f794   0x00000030   Code   RO         9928    i.nrf_log_color_id_get  nrf_log_frontend.o
    0x0002f7c4   0x0002f7c4   0x0000001c   Code   RO         9886    i.nrf_log_default_backends_init  nrf_log_default_backends.o
    0x0002f7e0   0x0002f7e0   0x000001ec   Code   RO         9929    i.nrf_log_frontend_dequeue  nrf_log_frontend.o
    0x0002f9cc   0x0002f9cc   0x00000008   Code   RO         9931    i.nrf_log_frontend_std_0  nrf_log_frontend.o
    0x0002f9d4   0x0002f9d4   0x0000000e   Code   RO         9932    i.nrf_log_frontend_std_1  nrf_log_frontend.o
    0x0002f9e2   0x0002f9e2   0x00000010   Code   RO         9933    i.nrf_log_frontend_std_2  nrf_log_frontend.o
    0x0002f9f2   0x0002f9f2   0x00000002   PAD
    0x0002f9f4   0x0002f9f4   0x000000ac   Code   RO        10111    i.nrf_log_hexdump_entry_process  nrf_log_str_formatter.o
    0x0002faa0   0x0002faa0   0x0000005c   Code   RO         9938    i.nrf_log_init      nrf_log_frontend.o
    0x0002fafc   0x0002fafc   0x00000014   Code   RO         9939    i.nrf_log_module_cnt_get  nrf_log_frontend.o
    0x0002fb10   0x0002fb10   0x0000001c   Code   RO         9942    i.nrf_log_module_name_get  nrf_log_frontend.o
    0x0002fb2c   0x0002fb2c   0x00000028   Code   RO         9943    i.nrf_log_panic     nrf_log_frontend.o
    0x0002fb54   0x0002fb54   0x000000b6   Code   RO        10112    i.nrf_log_std_entry_process  nrf_log_str_formatter.o
    0x0002fc0a   0x0002fc0a   0x00000060   Code   RO         9055    i.nrf_memobj_alloc  nrf_memobj.o
    0x0002fc6a   0x0002fc6a   0x00000032   Code   RO         9056    i.nrf_memobj_free   nrf_memobj.o
    0x0002fc9c   0x0002fc9c   0x0000000e   Code   RO         9057    i.nrf_memobj_get    nrf_memobj.o
    0x0002fcaa   0x0002fcaa   0x00000004   Code   RO         9058    i.nrf_memobj_pool_init  nrf_memobj.o
    0x0002fcae   0x0002fcae   0x00000022   Code   RO         9059    i.nrf_memobj_put    nrf_memobj.o
    0x0002fcd0   0x0002fcd0   0x0000000c   Code   RO         9060    i.nrf_memobj_read   nrf_memobj.o
    0x0002fcdc   0x0002fcdc   0x0000000c   Code   RO         9061    i.nrf_memobj_write  nrf_memobj.o
    0x0002fce8   0x0002fce8   0x0000000c   Code   RO         7660    i.nrf_rtc_event_clear  nrf_drv_rtc.o
    0x0002fcf4   0x0002fcf4   0x00000014   Code   RO        10663    i.nrf_sdh_ble_app_ram_start_get  nrf_sdh_ble.o
    0x0002fd08   0x0002fd08   0x00000154   Code   RO        10664    i.nrf_sdh_ble_default_cfg_set  nrf_sdh_ble.o
    0x0002fe5c   0x0002fe5c   0x000000d8   Code   RO        10665    i.nrf_sdh_ble_enable  nrf_sdh_ble.o
    0x0002ff34   0x0002ff34   0x00000050   Code   RO        10666    i.nrf_sdh_ble_evts_poll  nrf_sdh_ble.o
    0x0002ff84   0x0002ff84   0x0000003c   Code   RO        10541    i.nrf_sdh_disable_request  nrf_sdh.o
    0x0002ffc0   0x0002ffc0   0x0000006c   Code   RO        10542    i.nrf_sdh_enable_request  nrf_sdh.o
    0x0003002c   0x0003002c   0x00000024   Code   RO        10543    i.nrf_sdh_evts_poll  nrf_sdh.o
    0x00030050   0x00030050   0x0000000c   Code   RO        10544    i.nrf_sdh_is_enabled  nrf_sdh.o
    0x0003005c   0x0003005c   0x0000001c   Code   RO        10546    i.nrf_sdh_request_continue  nrf_sdh.o
    0x00030078   0x00030078   0x0000003c   Code   RO        10500    i.nrf_sdh_soc_evts_poll  nrf_sdh_soc.o
    0x000300b4   0x000300b4   0x0000000a   Code   RO         9018    i.nrf_section_iter_init  nrf_section_iter.o
    0x000300be   0x000300be   0x00000024   Code   RO         9019    i.nrf_section_iter_item_set  nrf_section_iter.o
    0x000300e2   0x000300e2   0x00000020   Code   RO         9020    i.nrf_section_iter_next  nrf_section_iter.o
    0x00030102   0x00030102   0x0000000a   Code   RO         7774    i.nrf_spim_event_check  nrf_drv_spi.o
    0x0003010c   0x0003010c   0x00000038   Code   RO         8985    i.nrf_strerror_find  nrf_strerror.o
    0x00030144   0x00030144   0x00000014   Code   RO         8986    i.nrf_strerror_get  nrf_strerror.o
    0x00030158   0x00030158   0x0000000a   Code   RO         7891    i.nrf_twi_event_check  nrf_drv_twi.o
    0x00030162   0x00030162   0x0000000c   Code   RO         7892    i.nrf_twi_event_clear  nrf_drv_twi.o
    0x0003016e   0x0003016e   0x0000000a   Code   RO         8074    i.nrf_uart_event_check  nrf_drv_uart.o
    0x00030178   0x00030178   0x0000000c   Code   RO         8075    i.nrf_uart_event_clear  nrf_drv_uart.o
    0x00030184   0x00030184   0x0000000c   Code   RO         8076    i.nrf_uart_int_enable_check  nrf_drv_uart.o
    0x00030190   0x00030190   0x0000000a   Code   RO         8077    i.nrf_uarte_event_check  nrf_drv_uart.o
    0x0003019a   0x0003019a   0x0000000c   Code   RO         8078    i.nrf_uarte_event_clear  nrf_drv_uart.o
    0x000301a6   0x000301a6   0x00000002   PAD
    0x000301a8   0x000301a8   0x000000c0   Code   RO           15    i.nus_data_handler  main.o
    0x00030268   0x00030268   0x0000001e   Code   RO           16    i.on_adv_evt        main.o
    0x00030286   0x00030286   0x00000002   PAD
    0x00030288   0x00030288   0x00000114   Code   RO         7094    i.on_characteristic_discovery_rsp  ble_db_discovery.o
    0x0003039c   0x0003039c   0x0000001c   Code   RO           17    i.on_conn_params_evt  main.o
    0x000303b8   0x000303b8   0x0000009c   Code   RO         5508    i.on_connected_evt  nrf_ble_gatt.o
    0x00030454   0x00030454   0x000000f0   Code   RO         7095    i.on_descriptor_discovery_rsp  ble_db_discovery.o
    0x00030544   0x00030544   0x00000074   Code   RO         5509    i.on_exchange_mtu_request_evt  nrf_ble_gatt.o
    0x000305b8   0x000305b8   0x0000006c   Code   RO         7096    i.on_primary_srv_discovery_rsp  ble_db_discovery.o
    0x00030624   0x00030624   0x0000007c   Code   RO         7097    i.on_srv_disc_completion  ble_db_discovery.o
    0x000306a0   0x000306a0   0x00000012   Code   RO         8632    i.page_offsets_update  fds.o
    0x000306b2   0x000306b2   0x00000002   PAD
    0x000306b4   0x000306b4   0x0000001c   Code   RO         8634    i.page_tag_write_data  fds.o
    0x000306d0   0x000306d0   0x00000024   Code   RO         8635    i.page_tag_write_swap  fds.o
    0x000306f4   0x000306f4   0x0000000c   Code   RO         6754    i.pairing           security_dispatcher.o
    0x00030700   0x00030700   0x0000003e   Code   RO         6895    i.params_reply_pending_process  security_manager.o
    0x0003073e   0x0003073e   0x00000028   Code   RO         6896    i.params_req_send   security_manager.o
    0x00030766   0x00030766   0x00000002   PAD
    0x00030768   0x00030768   0x0000007c   Code   RO           18    i.parse_lora_config  main.o
    0x000307e4   0x000307e4   0x0000001c   Code   RO         6111    i.pdb_evt_send      peer_database.o
    0x00030800   0x00030800   0x00000004   Code   RO         6114    i.pdb_next_deleted_peer_id_get  peer_database.o
    0x00030804   0x00030804   0x00000004   Code   RO         6115    i.pdb_next_peer_id_get  peer_database.o
    0x00030808   0x00030808   0x00000078   Code   RO         6116    i.pdb_pds_evt_handler  peer_database.o
    0x00030880   0x00030880   0x00000004   Code   RO         6117    i.pdb_peer_allocate  peer_database.o
    0x00030884   0x00030884   0x00000010   Code   RO         6118    i.pdb_peer_data_load  peer_database.o
    0x00030894   0x00030894   0x00000006   Code   RO         6119    i.pdb_peer_data_ptr_get  peer_database.o
    0x0003089a   0x0003089a   0x00000044   Code   RO         6120    i.pdb_peer_free     peer_database.o
    0x000308de   0x000308de   0x00000008   Code   RO         6121    i.pdb_raw_store     peer_database.o
    0x000308e6   0x000308e6   0x00000002   PAD
    0x000308e8   0x000308e8   0x00000104   Code   RO         6122    i.pdb_write_buf_get  peer_database.o
    0x000309ec   0x000309ec   0x00000028   Code   RO         6123    i.pdb_write_buf_release  peer_database.o
    0x00030a14   0x00030a14   0x00000028   Code   RO         6124    i.pdb_write_buf_store  peer_database.o
    0x00030a3c   0x00030a3c   0x00000068   Code   RO         6125    i.pdb_write_buf_store_prepare  peer_database.o
    0x00030aa4   0x00030aa4   0x00000010   Code   RO         5971    i.pds_evt_send      peer_data_storage.o
    0x00030ab4   0x00030ab4   0x00000004   Code   RO         5973    i.pds_next_deleted_peer_id_get  peer_data_storage.o
    0x00030ab8   0x00030ab8   0x00000004   Code   RO         5974    i.pds_next_peer_id_get  peer_data_storage.o
    0x00030abc   0x00030abc   0x00000058   Code   RO         5977    i.pds_peer_data_iterate  peer_data_storage.o
    0x00030b14   0x00030b14   0x00000010   Code   RO         5978    i.pds_peer_data_iterate_prepare  peer_data_storage.o
    0x00030b24   0x00030b24   0x00000068   Code   RO         5979    i.pds_peer_data_read  peer_data_storage.o
    0x00030b8c   0x00030b8c   0x00000096   Code   RO         5980    i.pds_peer_data_store  peer_data_storage.o
    0x00030c22   0x00030c22   0x00000008   Code   RO         5981    i.pds_peer_id_allocate  peer_data_storage.o
    0x00030c2a   0x00030c2a   0x00000016   Code   RO         5982    i.pds_peer_id_free  peer_data_storage.o
    0x00030c40   0x00030c40   0x00000004   Code   RO         5983    i.pds_peer_id_is_allocated  peer_data_storage.o
    0x00030c44   0x00030c44   0x0000002e   Code   RO         5984    i.pds_space_reserve  peer_data_storage.o
    0x00030c72   0x00030c72   0x00000010   Code   RO         5985    i.pds_space_reserve_cancel  peer_data_storage.o
    0x00030c82   0x00030c82   0x00000002   PAD
    0x00030c84   0x00030c84   0x0000000c   Code   RO         6755    i.peer_created      security_dispatcher.o
    0x00030c90   0x00030c90   0x00000006   Code   RO         6126    i.peer_data_const_point_to_buffer  peer_database.o
    0x00030c96   0x00030c96   0x00000002   PAD
    0x00030c98   0x00030c98   0x00000084   Code   RO         5986    i.peer_data_delete  peer_data_storage.o
    0x00030d1c   0x00030d1c   0x00000030   Code   RO         5987    i.peer_data_find    peer_data_storage.o
    0x00030d4c   0x00030d4c   0x00000020   Code   RO         5988    i.peer_data_id_is_valid  peer_data_storage.o
    0x00030d6c   0x00030d6c   0x0000001a   Code   RO         6127    i.peer_data_point_to_buffer  peer_database.o
    0x00030d86   0x00030d86   0x00000002   PAD
    0x00030d88   0x00030d88   0x0000000c   Code   RO         6281    i.peer_id_allocate  peer_id.o
    0x00030d94   0x00030d94   0x00000024   Code   RO         6282    i.peer_id_delete    peer_id.o
    0x00030db8   0x00030db8   0x0000001c   Code   RO         6283    i.peer_id_free      peer_id.o
    0x00030dd4   0x00030dd4   0x0000000c   Code   RO         6284    i.peer_id_get_next_deleted  peer_id.o
    0x00030de0   0x00030de0   0x00000030   Code   RO         6285    i.peer_id_get_next_used  peer_id.o
    0x00030e10   0x00030e10   0x00000014   Code   RO         6287    i.peer_id_is_allocated  peer_id.o
    0x00030e24   0x00030e24   0x00000014   Code   RO         6288    i.peer_id_is_deleted  peer_id.o
    0x00030e38   0x00030e38   0x0000001c   Code   RO         5807    i.peer_id_set       id_manager.o
    0x00030e54   0x00030e54   0x000000d8   Code   RO         5606    i.pending_flags_check  gatt_cache_manager.o
    0x00030f2c   0x00030f2c   0x00000014   Code   RO          978    i.pin_event_handler  gpio-board.o
    0x00030f40   0x00030f40   0x00000018   Code   RO         7437    i.pin_in_use_by_port  nrf_drv_gpiote.o
    0x00030f58   0x00030f58   0x00000018   Code   RO         7438    i.pin_in_use_by_te  nrf_drv_gpiote.o
    0x00030f70   0x00030f70   0x0000005c   Code   RO         6650    i.pm_buffer_block_acquire  pm_buffer.o
    0x00030fcc   0x00030fcc   0x00000028   Code   RO         6652    i.pm_buffer_ptr_get  pm_buffer.o
    0x00030ff4   0x00030ff4   0x0000002e   Code   RO         6653    i.pm_buffer_release  pm_buffer.o
    0x00031022   0x00031022   0x00000004   Code   RO         6378    i.pm_gcm_evt_handler  peer_manager.o
    0x00031026   0x00031026   0x00000002   PAD
    0x00031028   0x00031028   0x00000024   Code   RO         6381    i.pm_im_evt_handler  peer_manager.o
    0x0003104c   0x0003104c   0x0000001a   Code   RO         6694    i.pm_mutex_lock     pm_mutex.o
    0x00031066   0x00031066   0x00000036   Code   RO         6695    i.pm_mutex_lock_first_available  pm_mutex.o
    0x0003109c   0x0003109c   0x00000018   Code   RO         6696    i.pm_mutex_lock_status_get  pm_mutex.o
    0x000310b4   0x000310b4   0x0000003a   Code   RO         6697    i.pm_mutex_unlock   pm_mutex.o
    0x000310ee   0x000310ee   0x00000002   PAD
    0x000310f0   0x000310f0   0x00000118   Code   RO         6386    i.pm_pdb_evt_handler  peer_manager.o
    0x00031208   0x00031208   0x000000b8   Code   RO         6401    i.pm_peer_ranks_get  peer_manager.o
    0x000312c0   0x000312c0   0x00000034   Code   RO         6407    i.pm_sm_evt_handler  peer_manager.o
    0x000312f4   0x000312f4   0x0000003c   Code   RO        10113    i.postfix_process   nrf_log_str_formatter.o
    0x00031330   0x00031330   0x0000000c   Code   RO           19    i.power_manage      main.o
    0x0003133c   0x0003133c   0x0000005c   Code   RO        10114    i.prefix_process    nrf_log_str_formatter.o
    0x00031398   0x00031398   0x0000001c   Code   RO         8637    i.queue_buf_get     fds.o
    0x000313b4   0x000313b4   0x00000010   Code   RO         8638    i.queue_buf_store   fds.o
    0x000313c4   0x000313c4   0x00000098   Code   RO         8484    i.queue_process     nrf_fstorage_sd.o
    0x0003145c   0x0003145c   0x000000a8   Code   RO         8639    i.queue_process     fds.o
    0x00031504   0x00031504   0x00000028   Code   RO         8485    i.queue_start       nrf_fstorage_sd.o
    0x0003152c   0x0003152c   0x00000020   Code   RO         8640    i.queue_start       fds.o
    0x0003154c   0x0003154c   0x00000028   Code   RO         1315    i.rand1             utilities.o
    0x00031574   0x00031574   0x0000001a   Code   RO         1316    i.randr             utilities.o
    0x0003158e   0x0003158e   0x00000002   PAD
    0x00031590   0x00031590   0x00000028   Code   RO         6410    i.rank_vars_update  peer_manager.o
    0x000315b8   0x000315b8   0x0000000e   Code   RO         8486    i.read              nrf_fstorage_sd.o
    0x000315c6   0x000315c6   0x00000002   PAD
    0x000315c8   0x000315c8   0x00000068   Code   RO         6128    i.reattempt_previous_operations  peer_database.o
    0x00031630   0x00031630   0x00000088   Code   RO         8641    i.record_find       fds.o
    0x000316b8   0x000316b8   0x000000a0   Code   RO         8642    i.record_find_by_desc  fds.o
    0x00031758   0x00031758   0x0000005c   Code   RO         8643    i.record_find_next  fds.o
    0x000317b4   0x000317b4   0x00000038   Code   RO         8644    i.record_header_flag_dirty  fds.o
    0x000317ec   0x000317ec   0x00000038   Code   RO         7098    i.registered_handler_get  ble_db_discovery.o
    0x00031824   0x00031824   0x00000010   Code   RO         6290    i.release           peer_id.o
    0x00031834   0x00031834   0x00000004   Code   RO         8487    i.rmap              nrf_fstorage_sd.o
    0x00031838   0x00031838   0x00000044   Code   RO         9692    i.rtc1_stop         app_timer.o
    0x0003187c   0x0003187c   0x00000020   Code   RO         1040    i.rtc_get_timestamp  rtc-board.o
    0x0003189c   0x0003189c   0x00000034   Code   RO         1041    i.rtc_handler       rtc-board.o
    0x000318d0   0x000318d0   0x00000094   Code   RO         2377    i.rw_Region2Str     loramac.o
    0x00031964   0x00031964   0x00000032   Code   RO         8080    i.rx_byte           nrf_drv_uart.o
    0x00031996   0x00031996   0x000000a2   Code   RO         7036    i.rx_char_add       ble_nus.o
    0x00031a38   0x00031a38   0x00000018   Code   RO         8081    i.rx_done_event     nrf_drv_uart.o
    0x00031a50   0x00031a50   0x00000020   Code   RO         8082    i.rx_enable         nrf_drv_uart.o
    0x00031a70   0x00031a70   0x00000042   Code   RO        10549    i.sd_nvic_SetPriority  nrf_sdh.o
    0x00031ab2   0x00031ab2   0x00000002   PAD
    0x00031ab4   0x00031ab4   0x0000005c   Code   RO         7217    i.sd_state_evt_handler  nrf_drv_clock.o
    0x00031b10   0x00031b10   0x00000030   Code   RO        10550    i.sdh_request_observer_notify  nrf_sdh.o
    0x00031b40   0x00031b40   0x0000002c   Code   RO        10551    i.sdh_state_observer_notify  nrf_sdh.o
    0x00031b6c   0x00031b6c   0x00000044   Code   RO         9457    i.sdk_mapped_flags_bulk_update_by_key  sdk_mapped_flags.o
    0x00031bb0   0x00031bb0   0x00000022   Code   RO         9458    i.sdk_mapped_flags_first_key_index_get  sdk_mapped_flags.o
    0x00031bd2   0x00031bd2   0x00000010   Code   RO         9459    i.sdk_mapped_flags_get_by_index  sdk_mapped_flags.o
    0x00031be2   0x00031be2   0x00000026   Code   RO         9460    i.sdk_mapped_flags_get_by_key  sdk_mapped_flags.o
    0x00031c08   0x00031c08   0x0000004a   Code   RO         9462    i.sdk_mapped_flags_key_list_get  sdk_mapped_flags.o
    0x00031c52   0x00031c52   0x0000000e   Code   RO         9464    i.sdk_mapped_flags_update_by_key  sdk_mapped_flags.o
    0x00031c60   0x00031c60   0x000000a2   Code   RO         6756    i.sec_info_request_process  security_dispatcher.o
    0x00031d02   0x00031d02   0x00000002   PAD
    0x00031d04   0x00031d04   0x0000006c   Code   RO         6757    i.sec_keyset_fill   security_dispatcher.o
    0x00031d70   0x00031d70   0x00000038   Code   RO         6758    i.sec_proc_housekeeping  security_dispatcher.o
    0x00031da8   0x00031da8   0x00000068   Code   RO         6759    i.sec_proc_start    security_dispatcher.o
    0x00031e10   0x00031e10   0x00000022   Code   RO         6760    i.send_config_req   security_dispatcher.o
    0x00031e32   0x00031e32   0x00000002   PAD
    0x00031e34   0x00031e34   0x00000010   Code   RO         5220    i.send_error_evt    ble_conn_params.o
    0x00031e44   0x00031e44   0x00000028   Code   RO         5607    i.send_unexpected_error  gatt_cache_manager.o
    0x00031e6c   0x00031e6c   0x00000028   Code   RO         6761    i.send_unexpected_error  security_dispatcher.o
    0x00031e94   0x00031e94   0x0000002a   Code   RO        10161    i.serial_tx         nrf_log_backend_rtt.o
    0x00031ebe   0x00031ebe   0x00000002   PAD
    0x00031ec0   0x00031ec0   0x00000044   Code   RO         5713    i.service_changed_pending_set  gatts_cache_manager.o
    0x00031f04   0x00031f04   0x0000008c   Code   RO         5608    i.service_changed_send_in_evt  gatt_cache_manager.o
    0x00031f90   0x00031f90   0x00000088   Code   RO         5142    i.service_data_encode  ble_advdata.o
    0x00032018   0x00032018   0x000000e0   Code   RO           20    i.set_handler       main.o
    0x000320f8   0x000320f8   0x00000068   Code   RO         4888    i.shift_sub_rows    aes.o
    0x00032160   0x00032160   0x00000018   Code   RO         6898    i.sm_ble_evt_handler  security_manager.o
    0x00032178   0x00032178   0x00000040   Code   RO         6903    i.sm_pdb_evt_handler  security_manager.o
    0x000321b8   0x000321b8   0x00000060   Code   RO         6906    i.sm_smd_evt_handler  security_manager.o
    0x00032218   0x00032218   0x00000118   Code   RO         6762    i.smd_ble_evt_handler  security_dispatcher.o
    0x00032330   0x00032330   0x0000006c   Code   RO         6765    i.smd_link_secure   security_dispatcher.o
    0x0003239c   0x0003239c   0x000000fc   Code   RO         6766    i.smd_params_reply  security_dispatcher.o
    0x00032498   0x00032498   0x00000040   Code   RO         6907    i.smd_params_reply_perform  security_manager.o
    0x000324d8   0x000324d8   0x0000000a   Code   RO         7218    i.soc_evt_handler   nrf_drv_clock.o
    0x000324e2   0x000324e2   0x00000002   PAD
    0x000324e4   0x000324e4   0x00000040   Code   RO        10552    i.softdevice_evt_irq_disable  nrf_sdh.o
    0x00032524   0x00032524   0x00000050   Code   RO        10553    i.softdevices_evt_irq_enable  nrf_sdh.o
    0x00032574   0x00032574   0x000000b2   Code   RO         7775    i.spim_xfer         nrf_drv_spi.o
    0x00032626   0x00032626   0x00000002   PAD
    0x00032628   0x00032628   0x0000000c   Code   RO         1317    i.srand1            utilities.o
    0x00032634   0x00032634   0x00000090   Code   RO         9945    i.std_n             nrf_log_frontend.o
    0x000326c4   0x000326c4   0x00000080   Code   RO         9693    i.timer_list_handler  app_timer.o
    0x00032744   0x00032744   0x0000003c   Code   RO         9694    i.timer_list_insert  app_timer.o
    0x00032780   0x00032780   0x00000060   Code   RO         9695    i.timer_list_remove  app_timer.o
    0x000327e0   0x000327e0   0x00000048   Code   RO         9696    i.timer_stop_op_schedule  app_timer.o
    0x00032828   0x00032828   0x00000074   Code   RO         9697    i.timer_timeouts_check  app_timer.o
    0x0003289c   0x0003289c   0x0000001e   Code   RO         7894    i.twi_process_error  nrf_drv_twi.o
    0x000328ba   0x000328ba   0x000000c6   Code   RO         7895    i.twi_rx_start_transfer  nrf_drv_twi.o
    0x00032980   0x00032980   0x00000028   Code   RO         7896    i.twi_send_byte     nrf_drv_twi.o
    0x000329a8   0x000329a8   0x0000010a   Code   RO         7897    i.twi_transfer      nrf_drv_twi.o
    0x00032ab2   0x00032ab2   0x000000d0   Code   RO         7898    i.twi_tx_start_transfer  nrf_drv_twi.o
    0x00032b82   0x00032b82   0x00000020   Code   RO         8083    i.tx_byte           nrf_drv_uart.o
    0x00032ba2   0x00032ba2   0x000000da   Code   RO         7037    i.tx_char_add       ble_nus.o
    0x00032c7c   0x00032c7c   0x0000001c   Code   RO         8084    i.tx_done_event     nrf_drv_uart.o
    0x00032c98   0x00032c98   0x00000030   Code   RO         1439    i.u_fs_check_lora_cfg  app_lora.o
    0x00032cc8   0x00032cc8   0x00000024   Code   RO         1440    i.u_fs_init         app_lora.o
    0x00032cec   0x00032cec   0x00000024   Code   RO         1441    i.u_fs_read_lora_cfg  app_lora.o
    0x00032d10   0x00032d10   0x000000c0   Code   RO         1442    i.u_fs_write_lora_cfg  app_lora.o
    0x00032dd0   0x00032dd0   0x000000e4   Code   RO           21    i.uart_event_handle  main.o
    0x00032eb4   0x00032eb4   0x000000a0   Code   RO         8924    i.uart_event_handler  app_uart_fifo.o
    0x00032f54   0x00032f54   0x0000011e   Code   RO         8085    i.uart_irq_handler  nrf_drv_uart.o
    0x00033072   0x00033072   0x000000f0   Code   RO         8086    i.uarte_irq_handler  nrf_drv_uart.o
    0x00033162   0x00033162   0x0000000a   Code   RO         5143    i.uint16_encode     ble_advdata.o
    0x0003316c   0x0003316c   0x00000020   Code   RO         8488    i.uninit            nrf_fstorage_sd.o
    0x0003318c   0x0003318c   0x000000b4   Code   RO         9282    i.unsigned_print    nrf_fprintf_format.o
    0x00033240   0x00033240   0x00000068   Code   RO         5221    i.update_timeout_handler  ble_conn_params.o
    0x000332a8   0x000332a8   0x00000018   Code   RO         5308    i.user_flag_is_acquired  ble_conn_state.o
    0x000332c0   0x000332c0   0x00000030   Code   RO         9698    i.user_op_alloc     app_timer.o
    0x000332f0   0x000332f0   0x00000030   Code   RO         5144    i.uuid_list_encode  ble_advdata.o
    0x00033320   0x00033320   0x0000009e   Code   RO         5145    i.uuid_list_sized_encode  ble_advdata.o
    0x000333be   0x000333be   0x00000002   PAD
    0x000333c0   0x000333c0   0x00000018   Code   RO         1443    i.wait_for_flash_ready  app_lora.o
    0x000333d8   0x000333d8   0x00000004   Code   RO         8489    i.wmap              nrf_fstorage_sd.o
    0x000333dc   0x000333dc   0x00000050   Code   RO         8490    i.write             nrf_fstorage_sd.o
    0x0003342c   0x0003342c   0x00000024   Code   RO         6129    i.write_buf_length_words_set  peer_database.o
    0x00033450   0x00033450   0x0000009c   Code   RO         6130    i.write_buf_store   peer_database.o
    0x000334ec   0x000334ec   0x00000034   Code   RO         6131    i.write_buffer_record_find  peer_database.o
    0x00033520   0x00033520   0x00000028   Code   RO         6132    i.write_buffer_record_find_next  peer_database.o
    0x00033548   0x00033548   0x0000001e   Code   RO         6133    i.write_buffer_record_invalidate  peer_database.o
    0x00033566   0x00033566   0x00000002   PAD
    0x00033568   0x00033568   0x0000002c   Code   RO         6134    i.write_buffer_record_release  peer_database.o
    0x00033594   0x00033594   0x000000e8   Code   RO         8646    i.write_enqueue     fds.o
    0x0003367c   0x0003367c   0x000000f4   Code   RO         8647    i.write_execute     fds.o
    0x00033770   0x00033770   0x00000018   Code   RO         8648    i.write_space_free  fds.o
    0x00033788   0x00033788   0x0000005c   Code   RO         8649    i.write_space_reserve  fds.o
    0x000337e4   0x000337e4   0x00000082   Code   RO         4889    i.xor_block         aes.o
    0x00033866   0x00033866   0x00000002   PAD
    0x00033868   0x00033868   0x00000020   Data   RO           23    .constdata          main.o
    0x00033888   0x00033888   0x00000002   Data   RO          501    .constdata          boards.o
    0x0003388a   0x0003388a   0x00000002   PAD
    0x0003388c   0x0003388c   0x00000014   Data   RO          630    .constdata          bsp.o
    0x000338a0   0x000338a0   0x00000008   Data   RO          980    .constdata          gpio-board.o
    0x000338a8   0x000338a8   0x00000010   Data   RO         1045    .constdata          rtc-board.o
    0x000338b8   0x000338b8   0x0000005c   Data   RO         1160    .constdata          sx1276-board.o
    0x00033914   0x00033914   0x00000048   Data   RO         1445    .constdata          app_lora.o
    0x0003395c   0x0003395c   0x00000010   Data   RO         2379    .constdata          loramac.o
    0x0003396c   0x0003396c   0x0000009a   Data   RO         3013    .constdata          regionau915.o
    0x00033a06   0x00033a06   0x00000002   PAD
    0x00033a08   0x00033a08   0x000000e0   Data   RO         4688    .constdata          sx1276.o
    0x00033ae8   0x00033ae8   0x00000300   Data   RO         4890    .constdata          aes.o
    0x00033de8   0x00033de8   0x00000016   Data   RO         5510    .constdata          nrf_ble_gatt.o
    0x00033dfe   0x00033dfe   0x00000002   PAD
    0x00033e00   0x00033e00   0x00000050   Data   RO         5609    .constdata          gatt_cache_manager.o
    0x00033e50   0x00033e50   0x00000004   Data   RO         5714    .constdata          gatts_cache_manager.o
    0x00033e54   0x00033e54   0x00000010   Data   RO         5715    .constdata          gatts_cache_manager.o
    0x00033e64   0x00033e64   0x00000004   Data   RO         5716    .constdata          gatts_cache_manager.o
    0x00033e68   0x00033e68   0x00000008   Data   RO         5810    .constdata          id_manager.o
    0x00033e70   0x00033e70   0x00000018   Data   RO         5989    .constdata          peer_data_storage.o
    0x00033e88   0x00033e88   0x00000010   Data   RO         6136    .constdata          peer_database.o
    0x00033e98   0x00033e98   0x00000010   Data   RO         6412    .constdata          peer_manager.o
    0x00033ea8   0x00033ea8   0x00000068   Data   RO         6768    .constdata          security_dispatcher.o
    0x00033f10   0x00033f10   0x00000004   Data   RO         6908    .constdata          security_manager.o
    0x00033f14   0x00033f14   0x00000020   Data   RO         7038    .constdata          ble_nus.o
    0x00033f34   0x00033f34   0x0000007c   Data   RO         7100    .constdata          ble_db_discovery.o
    0x00033fb0   0x00033fb0   0x00000004   Data   RO         7440    .constdata          nrf_drv_gpiote.o
    0x00033fb4   0x00033fb4   0x00000008   Data   RO         8289    .constdata          app_button.o
    0x00033fbc   0x00033fbc   0x00000010   Data   RO         8493    .constdata          nrf_fstorage_sd.o
    0x00033fcc   0x00033fcc   0x00000020   Data   RO         8494    .constdata          nrf_fstorage_sd.o
    0x00033fec   0x00033fec   0x00000018   Data   RO         8652    .constdata          fds.o
    0x00034004   0x00034004   0x00000020   Data   RO         8926    .constdata          app_uart_fifo.o
    0x00034024   0x00034024   0x00000104   Data   RO         8987    .constdata          nrf_strerror.o
    0x00034128   0x00034128   0x00000010   Data   RO         9283    .constdata          nrf_fprintf_format.o
    0x00034138   0x00034138   0x00000014   Data   RO         9948    .constdata          nrf_log_frontend.o
    0x0003414c   0x0003414c   0x0000000c   Data   RO        10163    .constdata          nrf_log_backend_rtt.o
    0x00034158   0x00034158   0x00000010   Data   RO        10501    .constdata          nrf_sdh_soc.o
    0x00034168   0x00034168   0x0000000c   Data   RO        10502    .constdata          nrf_sdh_soc.o
    0x00034174   0x00034174   0x00000010   Data   RO        10554    .constdata          nrf_sdh.o
    0x00034184   0x00034184   0x00000028   Data   RO        10555    .constdata          nrf_sdh.o
    0x000341ac   0x000341ac   0x00000010   Data   RO        10556    .constdata          nrf_sdh.o
    0x000341bc   0x000341bc   0x00000010   Data   RO        10557    .constdata          nrf_sdh.o
    0x000341cc   0x000341cc   0x00000020   Data   RO        10667    .constdata          nrf_sdh_ble.o
    0x000341ec   0x000341ec   0x00000010   Data   RO        10668    .constdata          nrf_sdh_ble.o
    0x000341fc   0x000341fc   0x00000081   Data   RO        10732    .constdata          mc_w.l(ctype_o.o)
    0x0003427d   0x0003427d   0x00000003   PAD
    0x00034280   0x00034280   0x00000004   Data   RO        10733    .constdata          mc_w.l(ctype_o.o)
    0x00034284   0x00034284   0x00000041   Data   RO         1446    .conststring        app_lora.o
    0x000342c5   0x000342c5   0x00000003   PAD
    0x000342c8   0x000342c8   0x0000012d   Data   RO         5511    .conststring        nrf_ble_gatt.o
    0x000343f5   0x000343f5   0x00000003   PAD
    0x000343f8   0x000343f8   0x00000307   Data   RO         8988    .conststring        nrf_strerror.o
    0x000346ff   0x000346ff   0x00000001   PAD
    0x00034700   0x00034700   0x00000066   Data   RO        10115    .conststring        nrf_log_str_formatter.o
    0x00034766   0x00034766   0x00000002   PAD
    0x00034768   0x00034768   0x000001cf   Data   RO        10669    .conststring        nrf_sdh_ble.o
    0x00034937   0x00034937   0x00000001   PAD
    0x00034938   0x00034938   0x00000009   Data   RO         5512    .conststrlit        nrf_ble_gatt.o
    0x00034941   0x00034941   0x00000003   PAD
    0x00034944   0x00034944   0x0000000c   Data   RO         7101    .conststrlit        ble_db_discovery.o
    0x00034950   0x00034950   0x00000006   Data   RO         7224    .conststrlit        nrf_drv_clock.o
    0x00034956   0x00034956   0x00000002   PAD
    0x00034958   0x00034958   0x00000007   Data   RO         7444    .conststrlit        nrf_drv_gpiote.o
    0x0003495f   0x0003495f   0x00000001   PAD
    0x00034960   0x00034960   0x00000004   Data   RO         7664    .conststrlit        nrf_drv_rtc.o
    0x00034964   0x00034964   0x00000004   Data   RO         7780    .conststrlit        nrf_drv_spi.o
    0x00034968   0x00034968   0x00000004   Data   RO         7905    .conststrlit        nrf_drv_twi.o
    0x0003496c   0x0003496c   0x00000005   Data   RO         8088    .conststrlit        nrf_drv_uart.o
    0x00034971   0x00034971   0x00000003   PAD
    0x00034974   0x00034974   0x00000007   Data   RO         9198    .conststrlit        nrf_balloc.o
    0x0003497b   0x0003497b   0x00000001   PAD
    0x0003497c   0x0003497c   0x00000009   Data   RO         9571    .conststrlit        nrf_pwr_mgmt.o
    0x00034985   0x00034985   0x00000003   PAD
    0x00034988   0x00034988   0x00000004   Data   RO         9950    .conststrlit        nrf_log_frontend.o
    0x0003498c   0x0003498c   0x0000000c   Data   RO        10503    .conststrlit        nrf_sdh_soc.o
    0x00034998   0x00034998   0x00000008   Data   RO        10558    .conststrlit        nrf_sdh.o
    0x000349a0   0x000349a0   0x0000000c   Data   RO        10670    .conststrlit        nrf_sdh_ble.o
    0x000349ac   0x000349ac   0x00000020   Data   RO        11112    Region$$Table       anon$$obj.o
    0x000349cc   0x000349cc   0x00000008   Data   RO         5513    log_const_data      nrf_ble_gatt.o
    0x000349d4   0x000349d4   0x00000008   Data   RO         7103    log_const_data      ble_db_discovery.o
    0x000349dc   0x000349dc   0x00000008   Data   RO         7225    log_const_data      nrf_drv_clock.o
    0x000349e4   0x000349e4   0x00000008   Data   RO         7445    log_const_data      nrf_drv_gpiote.o
    0x000349ec   0x000349ec   0x00000008   Data   RO         7666    log_const_data      nrf_drv_rtc.o
    0x000349f4   0x000349f4   0x00000008   Data   RO         7781    log_const_data      nrf_drv_spi.o
    0x000349fc   0x000349fc   0x00000008   Data   RO         7906    log_const_data      nrf_drv_twi.o
    0x00034a04   0x00034a04   0x00000008   Data   RO         8089    log_const_data      nrf_drv_uart.o
    0x00034a0c   0x00034a0c   0x00000008   Data   RO         9199    log_const_data      nrf_balloc.o
    0x00034a14   0x00034a14   0x00000008   Data   RO         9573    log_const_data      nrf_pwr_mgmt.o
    0x00034a1c   0x00034a1c   0x00000008   Data   RO         9954    log_const_data      nrf_log_frontend.o
    0x00034a24   0x00034a24   0x00000008   Data   RO        10504    log_const_data      nrf_sdh_soc.o
    0x00034a2c   0x00034a2c   0x00000008   Data   RO        10560    log_const_data      nrf_sdh.o
    0x00034a34   0x00034a34   0x00000008   Data   RO        10671    log_const_data      nrf_sdh_ble.o
    0x00034a3c   0x00034a3c   0x00000008   Data   RO         5310    sdh_ble_observers0  ble_conn_state.o
    0x00034a44   0x00034a44   0x00000018   Data   RO           26    sdh_ble_observers1  main.o
    0x00034a5c   0x00034a5c   0x00000008   Data   RO          733    sdh_ble_observers1  bsp_btn_ble.o
    0x00034a64   0x00034a64   0x00000008   Data   RO         5224    sdh_ble_observers1  ble_conn_params.o
    0x00034a6c   0x00034a6c   0x00000008   Data   RO         6414    sdh_ble_observers1  peer_manager.o
    0x00034a74   0x00034a74   0x00000008   Data   RO           27    sdh_ble_observers2  main.o
    0x00034a7c   0x00034a7c   0x00000008   Data   RO           28    sdh_ble_observers3  main.o
    0x00034a84   0x00034a84   0x00000008   Data   RO         8496    sdh_req_observers0  nrf_fstorage_sd.o
    0x00034a8c   0x00034a8c   0x00000008   Data   RO         7227    sdh_soc_observers0  nrf_drv_clock.o
    0x00034a94   0x00034a94   0x00000008   Data   RO         8497    sdh_soc_observers0  nrf_fstorage_sd.o
    0x00034a9c   0x00034a9c   0x00000008   Data   RO           29    sdh_soc_observers1  main.o
    0x00034aa4   0x00034aa4   0x00000008   Data   RO        10506    sdh_stack_observers0  nrf_sdh_soc.o
    0x00034aac   0x00034aac   0x00000008   Data   RO        10673    sdh_stack_observers0  nrf_sdh_ble.o
    0x00034ab4   0x00034ab4   0x00000008   Data   RO         7228    sdh_state_observers0  nrf_drv_clock.o
    0x00034abc   0x00034abc   0x00000008   Data   RO         8498    sdh_state_observers0  nrf_fstorage_sd.o


    Execution Region RW_IRAM1 (Exec base: 0x20002a68, Load base: 0x00034ac4, Size: 0x00004c30, Max: 0x0000d598, ABSOLUTE, COMPRESSED[0x000000b8])

    Exec Addr    Load Addr    Size         Type   Attr      Idx    E Section Name        Object

    0x20002a68   COMPRESSED   0x000002cc   Data   RW           24    .data               main.o
    0x20002d34   COMPRESSED   0x0000000c   Data   RW           25    .data               main.o
    0x20002d40   COMPRESSED   0x00000010   Data   RW          631    .data               bsp.o
    0x20002d50   COMPRESSED   0x00000008   Data   RW          732    .data               bsp_btn_ble.o
    0x20002d58   COMPRESSED   0x00000004   Data   RW          822    .data               system_nrf52.o
    0x20002d5c   COMPRESSED   0x00000010   Data   RW          871    .data               board.o
    0x20002d6c   COMPRESSED   0x00000008   Data   RW         1046    .data               rtc-board.o
    0x20002d74   COMPRESSED   0x00000014   Data   RW         1161    .data               sx1276-board.o
    0x20002d88   COMPRESSED   0x00000004   Data   RW         1318    .data               utilities.o
    0x20002d8c   COMPRESSED   0x00000034   Data   RW         1447    .data               app_lora.o
    0x20002dc0   COMPRESSED   0x0000006c   Data   RW         2380    .data               loramac.o
    0x20002e2c   COMPRESSED   0x00000020   Data   RW         2593    .data               loramaccrypto.o
    0x20002e4c   COMPRESSED   0x00000010   Data   RW         3014    .data               regionau915.o
    0x20002e5c   COMPRESSED   0x0000001c   Data   RW         4689    .data               sx1276.o
    0x20002e78   COMPRESSED   0x00000008   Data   RW         5223    .data               ble_conn_params.o
    0x20002e80   COMPRESSED   0x0000000c   Data   RW         5610    .data               gatt_cache_manager.o
    0x20002e8c   COMPRESSED   0x00000006   Data   RW         5717    .data               gatts_cache_manager.o
    0x20002e92   COMPRESSED   0x00000003   Data   RW         5811    .data               id_manager.o
    0x20002e95   COMPRESSED   0x00000003   PAD
    0x20002e98   COMPRESSED   0x0000000c   Data   RW         5990    .data               peer_data_storage.o
    0x20002ea4   COMPRESSED   0x00000008   Data   RW         6137    .data               peer_database.o
    0x20002eac   COMPRESSED   0x00000010   Data   RW         6413    .data               peer_manager.o
    0x20002ebc   COMPRESSED   0x00000006   Data   RW         6769    .data               security_dispatcher.o
    0x20002ec2   COMPRESSED   0x00000002   PAD
    0x20002ec4   COMPRESSED   0x00000015   Data   RW         6909    .data               security_manager.o
    0x20002ed9   COMPRESSED   0x00000003   PAD
    0x20002edc   COMPRESSED   0x00000010   Data   RW         7102    .data               ble_db_discovery.o
    0x20002eec   COMPRESSED   0x00000008   Data   RW         7665    .data               nrf_drv_rtc.o
    0x20002ef4   COMPRESSED   0x00000014   Data   RW         8290    .data               app_button.o
    0x20002f08   COMPRESSED   0x00000008   Data   RW         8495    .data               nrf_fstorage_sd.o
    0x20002f10   COMPRESSED   0x00000030   Data   RW         8653    .data               fds.o
    0x20002f40   COMPRESSED   0x00000010   Data   RW         8927    .data               app_uart_fifo.o
    0x20002f50   COMPRESSED   0x00000004   Data   RW         9524    .data               retarget.o
    0x20002f54   COMPRESSED   0x00000014   Data   RW         9700    .data               app_timer.o
    0x20002f68   COMPRESSED   0x0000000c   Data   RW         9887    .data               nrf_log_default_backends.o
    0x20002f74   COMPRESSED   0x00000008   Data   RW         9952    .data               nrf_log_frontend.o
    0x20002f7c   COMPRESSED   0x00000008   Data   RW         9953    .data               nrf_log_frontend.o
    0x20002f84   COMPRESSED   0x00000038   Data   RW        10116    .data               nrf_log_str_formatter.o
    0x20002fbc   COMPRESSED   0x00000003   Data   RW        10559    .data               nrf_sdh.o
    0x20002fbf   COMPRESSED   0x00000001   PAD
    0x20002fc0   COMPRESSED   0x00000004   Data   RW        11093    .data               mc_w.l(errno.o)
    0x20002fc4   COMPRESSED   0x00000014   Data   RW         1448    fs_data             app_lora.o
    0x20002fd8   COMPRESSED   0x00000014   Data   RW         8654    fs_data             fds.o
    0x20002fec   COMPRESSED   0x0000000c   Data   RW         5514    log_dynamic_data    nrf_ble_gatt.o
    0x20002ff8   COMPRESSED   0x0000000c   Data   RW         7104    log_dynamic_data    ble_db_discovery.o
    0x20003004   COMPRESSED   0x0000000c   Data   RW         7226    log_dynamic_data    nrf_drv_clock.o
    0x20003010   COMPRESSED   0x0000000c   Data   RW         7446    log_dynamic_data    nrf_drv_gpiote.o
    0x2000301c   COMPRESSED   0x0000000c   Data   RW         7667    log_dynamic_data    nrf_drv_rtc.o
    0x20003028   COMPRESSED   0x0000000c   Data   RW         7782    log_dynamic_data    nrf_drv_spi.o
    0x20003034   COMPRESSED   0x0000000c   Data   RW         7907    log_dynamic_data    nrf_drv_twi.o
    0x20003040   COMPRESSED   0x0000000c   Data   RW         8090    log_dynamic_data    nrf_drv_uart.o
    0x2000304c   COMPRESSED   0x0000000c   Data   RW         9200    log_dynamic_data    nrf_balloc.o
    0x20003058   COMPRESSED   0x0000000c   Data   RW         9574    log_dynamic_data    nrf_pwr_mgmt.o
    0x20003064   COMPRESSED   0x0000000c   Data   RW         9955    log_dynamic_data    nrf_log_frontend.o
    0x20003070   COMPRESSED   0x0000000c   Data   RW        10505    log_dynamic_data    nrf_sdh_soc.o
    0x2000307c   COMPRESSED   0x0000000c   Data   RW        10561    log_dynamic_data    nrf_sdh.o
    0x20003088   COMPRESSED   0x0000000c   Data   RW        10672    log_dynamic_data    nrf_sdh_ble.o
    0x20003094        -       0x0000052a   Zero   RW           22    .bss                main.o
    0x200035be   COMPRESSED   0x00000002   PAD
    0x200035c0        -       0x00000020   Zero   RW          627    .bss                bsp.o
    0x200035e0        -       0x00000020   Zero   RW          628    .bss                bsp.o
    0x20003600        -       0x00000020   Zero   RW          629    .bss                bsp.o
    0x20003620        -       0x00000080   Zero   RW          979    .bss                gpio-board.o
    0x200036a0        -       0x00000148   Zero   RW         1444    .bss                app_lora.o
    0x200037e8        -       0x000004d4   Zero   RW         2378    .bss                loramac.o
    0x20003cbc        -       0x0000022c   Zero   RW         2592    .bss                loramaccrypto.o
    0x20003ee8        -       0x00000384   Zero   RW         3012    .bss                regionau915.o
    0x2000426c        -       0x00000238   Zero   RW         4687    .bss                sx1276.o
    0x200044a4        -       0x00000050   Zero   RW         5222    .bss                ble_conn_params.o
    0x200044f4        -       0x000000b8   Zero   RW         5309    .bss                ble_conn_state.o
    0x200045ac        -       0x00000100   Zero   RW         5809    .bss                id_manager.o
    0x200046ac        -       0x000000d0   Zero   RW         6135    .bss                peer_database.o
    0x2000477c        -       0x00000040   Zero   RW         6291    .bss                peer_id.o
    0x200047bc        -       0x0000000c   Zero   RW         6411    .bss                peer_manager.o
    0x200047c8        -       0x00000040   Zero   RW         6767    .bss                security_dispatcher.o
    0x20004808        -       0x00000318   Zero   RW         7099    .bss                ble_db_discovery.o
    0x20004b20        -       0x00000014   Zero   RW         7219    .bss                nrf_drv_clock.o
    0x20004b34        -       0x00000058   Zero   RW         7439    .bss                nrf_drv_gpiote.o
    0x20004b8c        -       0x00000024   Zero   RW         7776    .bss                nrf_drv_spi.o
    0x20004bb0        -       0x00000028   Zero   RW         7900    .bss                nrf_drv_twi.o
    0x20004bd8        -       0x00000020   Zero   RW         8087    .bss                nrf_drv_uart.o
    0x20004bf8        -       0x00000020   Zero   RW         8288    .bss                app_button.o
    0x20004c18        -       0x000000a0   Zero   RW         8491    .bss                nrf_fstorage_sd.o
    0x20004cb8        -       0x00000010   Zero   RW         8492    .bss                nrf_fstorage_sd.o
    0x20004cc8        -       0x000000e0   Zero   RW         8650    .bss                fds.o
    0x20004da8        -       0x00000010   Zero   RW         8651    .bss                fds.o
    0x20004db8        -       0x00000020   Zero   RW         8925    .bss                app_uart_fifo.o
    0x20004dd8        -       0x0000000c   Zero   RW         9395    .bss                app_util_platform.o
    0x20004de4        -       0x0000010c   Zero   RW         9699    .bss                app_timer.o
    0x20004ef0        -       0x000000c0   Zero   RW         9946    .bss                nrf_log_frontend.o
    0x20004fb0        -       0x00000420   Zero   RW         9947    .bss                nrf_log_frontend.o
    0x200053d0        -       0x00000040   Zero   RW        10162    .bss                nrf_log_backend_rtt.o
    0x20005410        -       0x00000288   Zero   RW        10275    .bss                segger_rtt.o
    0x20005698        -       0x00002000   Zero   RW          810    STACK               arm_startup_nrf52.o

